ARM Linker, 4.1 [Build 894] [Evaluation]

==============================================================================

Section Cross References

    startup_stm32f10x_hd.o(STACK) refers (Special) to heapauxi.o(.text) for __use_two_region_memory
    startup_stm32f10x_hd.o(HEAP) refers (Special) to heapauxi.o(.text) for __use_two_region_memory
    startup_stm32f10x_hd.o(RESET) refers (Special) to heapauxi.o(.text) for __use_two_region_memory
    startup_stm32f10x_hd.o(RESET) refers to startup_stm32f10x_hd.o(STACK) for __initial_sp
    startup_stm32f10x_hd.o(RESET) refers to startup_stm32f10x_hd.o(.text) for Reset_Handler
    startup_stm32f10x_hd.o(RESET) refers to main.o(.text) for TIM2_IRQHandler
    startup_stm32f10x_hd.o(.text) refers (Special) to heapauxi.o(.text) for __use_two_region_memory
    startup_stm32f10x_hd.o(.text) refers to system_stm32f10x.o(.text) for SystemInit
    startup_stm32f10x_hd.o(.text) refers to __main.o(!!!main) for __main
    startup_stm32f10x_hd.o(.text) refers to startup_stm32f10x_hd.o(HEAP) for Heap_Mem
    startup_stm32f10x_hd.o(.text) refers to startup_stm32f10x_hd.o(STACK) for Stack_Mem
    main.o(.text) refers to _printf_percent.o(.ARM.Collect$$_printf_percent$$00000000) for _printf_percent
    main.o(.text) refers to _printf_c.o(.ARM.Collect$$_printf_percent$$00000013) for _printf_c
    main.o(.text) refers to _printf_str.o(.text) for _printf_str
    main.o(.text) refers to fmul.o(x$fpl$fmul) for __aeabi_fmul
    main.o(.text) refers to faddsub_clz.o(x$fpl$fadd) for __aeabi_fadd
    main.o(.text) refers to fflt_clz.o(x$fpl$ffltu) for __aeabi_ui2f
    main.o(.text) refers to fdiv.o(x$fpl$fdiv) for __aeabi_fdiv
    main.o(.text) refers to faddsub_clz.o(x$fpl$fsub) for __aeabi_fsub
    main.o(.text) refers to dflt_clz.o(x$fpl$dfltu) for __aeabi_ui2d
    main.o(.text) refers to f2d.o(x$fpl$f2d) for __aeabi_f2d
    main.o(.text) refers to sin.o(i.sin) for sin
    main.o(.text) refers to dmul.o(x$fpl$dmul) for __aeabi_dmul
    main.o(.text) refers to daddsub_clz.o(x$fpl$dadd) for __aeabi_dadd
    main.o(.text) refers to dfix.o(x$fpl$dfix) for __aeabi_d2iz
    main.o(.text) refers to dfixu.o(x$fpl$dfixu) for __aeabi_d2uiz
    main.o(.text) refers to main.o(.data) for yaw_angle
    main.o(.text) refers to stm32f10x_adc.o(.text) for ADC_RegularChannelConfig
    main.o(.text) refers to stm32f10x_i2c.o(.text) for I2C_GetFlagStatus
    main.o(.text) refers to fflt_clz.o(x$fpl$fflt) for __aeabi_i2f
    main.o(.text) refers to ddiv.o(x$fpl$ddiv) for __aeabi_ddiv
    main.o(.text) refers to d2f.o(x$fpl$d2f) for __aeabi_d2f
    main.o(.text) refers to stm32f10x_rcc.o(.text) for RCC_GetClocksFreq
    main.o(.text) refers to misc.o(.text) for NVIC_PriorityGroupConfig
    main.o(.text) refers to stm32f10x_gpio.o(.text) for GPIO_Init
    main.o(.text) refers to stm32f10x_tim.o(.text) for TIM_TimeBaseInit
    main.o(.text) refers to main.o(.bss) for TIM_TimeBaseInitStructure
    main.o(.text) refers to stm32f10x_usart.o(.text) for USART_ClockStructInit
    main.o(.text) refers to atan2.o(i.atan2) for atan2
    main.o(.text) refers to daddsub_clz.o(x$fpl$dsub) for __aeabi_dsub
    main.o(.text) refers to drleqf.o(x$fpl$drleqf) for __aeabi_cdrcmple
    main.o(.text) refers to dleqf.o(x$fpl$dleqf) for __aeabi_cdcmple
    main.o(.text) refers to noretval__2sprintf.o(.text) for __2sprintf
    system_stm32f10x.o(.text) refers to system_stm32f10x.o(.data) for SystemCoreClock
    stm32f10x_gpio.o(.text) refers to stm32f10x_rcc.o(.text) for RCC_APB2PeriphResetCmd
    stm32f10x_usart.o(.text) refers to stm32f10x_rcc.o(.text) for RCC_APB2PeriphResetCmd
    stm32f10x_tim.o(.text) refers to stm32f10x_rcc.o(.text) for RCC_APB2PeriphResetCmd
    stm32f10x_rcc.o(.text) refers to stm32f10x_rcc.o(.data) for APBAHBPrescTable
    stm32f10x_i2c.o(.text) refers to stm32f10x_rcc.o(.text) for RCC_APB1PeriphResetCmd
    stm32f10x_adc.o(.text) refers to stm32f10x_rcc.o(.text) for RCC_APB2PeriphResetCmd
    __2sprintf.o(.text) refers to _printf_char_common.o(.text) for _printf_char_common
    __2sprintf.o(.text) refers to _sputc.o(.text) for _sputc
    noretval__2sprintf.o(.text) refers to _printf_char_common.o(.text) for _printf_char_common
    noretval__2sprintf.o(.text) refers to _sputc.o(.text) for _sputc
    __printf.o(.text) refers to _printf_percent.o(.ARM.Collect$$_printf_percent$$00000000) for _printf_percent
    _printf_str.o(.text) refers (Special) to _printf_char.o(.text) for _printf_cs_common
    __printf_flags.o(.text) refers to _printf_percent.o(.ARM.Collect$$_printf_percent$$00000000) for _printf_percent
    __printf_flags.o(.text) refers to __printf_flags.o(.constdata) for .constdata
    __printf_ss.o(.text) refers to _printf_percent.o(.ARM.Collect$$_printf_percent$$00000000) for _printf_percent
    __printf_flags_ss.o(.text) refers to _printf_percent.o(.ARM.Collect$$_printf_percent$$00000000) for _printf_percent
    __printf_flags_ss.o(.text) refers to __printf_flags_ss.o(.constdata) for .constdata
[...]
    .ARM.Collect$$libinit$$0000002F          0x080001f4   Section        2  libinit2.o(.ARM.Collect$$libinit$$0000002F)
    .ARM.Collect$$libshutdown$$00000000      0x080001f6   Section        2  libshutdown.o(.ARM.Collect$$libshutdown$$00000000)
    .ARM.Collect$$libshutdown$$00000003      0x080001f8   Section        0  libshutdown2.o(.ARM.Collect$$libshutdown$$00000003)
    .ARM.Collect$$libshutdown$$00000006      0x080001f8   Section        0  libshutdown2.o(.ARM.Collect$$libshutdown$$00000006)
    .ARM.Collect$$libshutdown$$00000009      0x080001f8   Section        0  libshutdown2.o(.ARM.Collect$$libshutdown$$00000009)
    .ARM.Collect$$libshutdown$$0000000B      0x080001f8   Section        0  libshutdown2.o(.ARM.Collect$$libshutdown$$0000000B)
    .ARM.Collect$$libshutdown$$0000000E      0x080001f8   Section        0  libshutdown2.o(.ARM.Collect$$libshutdown$$0000000E)
    .ARM.Collect$$libshutdown$$0000000F      0x080001f8   Section        2  libshutdown2.o(.ARM.Collect$$libshutdown$$0000000F)
    .ARM.Collect$$rtentry$$00000000          0x080001fa   Section        0  rtentry.o(.ARM.Collect$$rtentry$$00000000)
    .ARM.Collect$$rtentry$$00000002          0x080001fa   Section        0  rtentry2.o(.ARM.Collect$$rtentry$$00000002)
    .ARM.Collect$$rtentry$$00000004          0x080001fa   Section        6  rtentry4.o(.ARM.Collect$$rtentry$$00000004)
    .ARM.Collect$$rtentry$$00000009          0x08000200   Section        0  rtentry2.o(.ARM.Collect$$rtentry$$00000009)
    .ARM.Collect$$rtentry$$0000000A          0x08000200   Section        4  rtentry2.o(.ARM.Collect$$rtentry$$0000000A)
    .ARM.Collect$$rtentry$$0000000C          0x08000204   Section        0  rtentry2.o(.ARM.Collect$$rtentry$$0000000C)
    .ARM.Collect$$rtentry$$0000000D          0x08000204   Section        8  rtentry2.o(.ARM.Collect$$rtentry$$0000000D)
    .ARM.Collect$$rtexit$$00000000           0x0800020c   Section        2  rtexit.o(.ARM.Collect$$rtexit$$00000000)
    .ARM.Collect$$rtexit$$00000002           0x0800020e   Section        0  rtexit2.o(.ARM.Collect$$rtexit$$00000002)
    .ARM.Collect$$rtexit$$00000003           0x0800020e   Section        4  rtexit2.o(.ARM.Collect$$rtexit$$00000003)
    .ARM.Collect$$rtexit$$00000004           0x08000212   Section        6  rtexit2.o(.ARM.Collect$$rtexit$$00000004)
    .text                                    0x08000218   Section       64  startup_stm32f10x_hd.o(.text)
    .text                                    0x08000258   Section        0  main.o(.text)
    .text                                    0x08001a24   Section        0  system_stm32f10x.o(.text)
    SetSysClockTo72                          0x08001a25   Thumb Code   192  system_stm32f10x.o(.text)
    SetSysClock                              0x08001ae5   Thumb Code     8  system_stm32f10x.o(.text)
    .text                                    0x08001bec   Section        0  stm32f10x_gpio.o(.text)
    .text                                    0x08001f44   Section        0  stm32f10x_usart.o(.text)
    .text                                    0x08002350   Section        0  stm32f10x_tim.o(.text)
    TI4_Config                               0x080027db   Thumb Code   118  stm32f10x_tim.o(.text)
    TI3_Config                               0x08002863   Thumb Code   114  stm32f10x_tim.o(.text)
    TI2_Config                               0x080028eb   Thumb Code   118  stm32f10x_tim.o(.text)
    TI1_Config                               0x08002973   Thumb Code   106  stm32f10x_tim.o(.text)
    .text                                    0x08003100   Section        0  stm32f10x_rcc.o(.text)
    .text                                    0x080034a0   Section        0  stm32f10x_i2c.o(.text)
    .text                                    0x08003890   Section        0  stm32f10x_adc.o(.text)
    .text                                    0x08003ccc   Section        0  misc.o(.text)
    .text                                    0x08003da8   Section        0  noretval__2sprintf.o(.text)
    .text                                    0x08003dd0   Section        0  __printf.o(.text)
    .text                                    0x08003e3a   Section        0  _printf_str.o(.text)
    .text                                    0x08003e8c   Section        0  heapauxi.o(.text)
    .text                                    0x08003e92   Section        0  _rserrno.o(.text)
    .text                                    0x08003ea8   Section        0  _printf_char_common.o(.text)
    _printf_input_char                       0x08003ea9   Thumb Code    10  _printf_char_common.o(.text)
    .text                                    0x08003ed8   Section        0  _sputc.o(.text)
    .text                                    0x08003ee2   Section        0  _printf_char.o(.text)
    .text                                    0x08003f10   Section        8  rt_errno_addr_intlibspace.o(.text)
    .text                                    0x08003f18   Section        8  libspace.o(.text)
    .text                                    0x08003f20   Section       74  sys_stackheap_outer.o(.text)
    .text                                    0x08003f6a   Section        0  exit.o(.text)
    .text                                    0x08003f78   Section        8  rt_fp_status_addr_intlibspace.o(.text)
    .text                                    0x08003f80   Section        0  sys_exit.o(.text)
    .text                                    0x08003f8c   Section        2  use_no_semi.o(.text)
    .text                                    0x08003f8e   Section        0  indicate_semi.o(.text)
    i.__ARM_fpclassify                       0x08003f8e   Section        0  fpclassify.o(i.__ARM_fpclassify)
    i.__ieee754_rem_pio2                     0x08003fb8   Section        0  rred.o(i.__ieee754_rem_pio2)
    i.__kernel_cos                           0x0800433c   Section        0  cos_i.o(i.__kernel_cos)
    i.__kernel_poly                          0x08004438   Section        0  poly.o(i.__kernel_poly)
    i.__kernel_sin                           0x080044e4   Section        0  sin_i.o(i.__kernel_sin)
    i.__mathlib_dbl_underflow                0x080045d0   Section        0  dunder.o(i.__mathlib_dbl_underflow)
    i.atan                                   0x080045e0   Section        0  atan.o(i.atan)
    i.atan2                                  0x08004804   Section        0  atan2.o(i.atan2)
    i.sin                                    0x08004984   Section        0  sin.o(i.sin)
    x$fpl$d2f                                0x08004a34   Section       98  d2f.o(x$fpl$d2f)
    x$fpl$dadd                               0x08004a98   Section      336  daddsub_clz.o(x$fpl$dadd)
    _dadd1                                   0x08004aa9   Thumb Code     0  daddsub_clz.o(x$fpl$dadd)
    x$fpl$dcheck1                            0x08004be8   Section       16  dcheck1.o(x$fpl$dcheck1)
    x$fpl$dcmpinf                            0x08004bf8   Section       24  dcmpi.o(x$fpl$dcmpinf)
    x$fpl$ddiv                               0x08004c10   Section      688  ddiv.o(x$fpl$ddiv)
    ddiv_entry                               0x08004c17   Thumb Code     0  ddiv.o(x$fpl$ddiv)
    x$fpl$dfix                               0x08004ec0   Section       94  dfix.o(x$fpl$dfix)
    x$fpl$dfixu                              0x08004f20   Section       90  dfixu.o(x$fpl$dfixu)
    x$fpl$dflt                               0x08004f7a   Section       46  dflt_clz.o(x$fpl$dflt)
    x$fpl$dfltu                              0x08004fa8   Section       38  dflt_clz.o(x$fpl$dfltu)
    x$fpl$dleqf                              0x08004fd0   Section      120  dleqf.o(x$fpl$dleqf)
    x$fpl$dmul                               0x08005048   Section      340  dmul.o(x$fpl$dmul)
    x$fpl$dnaninf                            0x0800519c   Section      156  dnaninf.o(x$fpl$dnaninf)
    x$fpl$dretinf                            0x08005238   Section       12  dretinf.o(x$fpl$dretinf)
    x$fpl$drleqf                             0x08005244   Section      108  drleqf.o(x$fpl$drleqf)
    x$fpl$drsb                               0x080052b0   Section       22  daddsub_clz.o(x$fpl$drsb)
    x$fpl$dsub                               0x080052c8   Section      468  daddsub_clz.o(x$fpl$dsub)
    _dsub1                                   0x080052d9   Thumb Code     0  daddsub_clz.o(x$fpl$dsub)
    x$fpl$f2d                                0x0800549c   Section       86  f2d.o(x$fpl$f2d)
    x$fpl$fadd                               0x080054f4   Section      196  faddsub_clz.o(x$fpl$fadd)
    _fadd1                                   0x08005503   Thumb Code     0  faddsub_clz.o(x$fpl$fadd)
    x$fpl$fdiv                               0x080055b8   Section      388  fdiv.o(x$fpl$fdiv)
    _fdiv1                                   0x080055b9   Thumb Code     0  fdiv.o(x$fpl$fdiv)
    x$fpl$fflt                               0x0800573c   Section       48  fflt_clz.o(x$fpl$fflt)
    x$fpl$ffltu                              0x0800576c   Section       38  fflt_clz.o(x$fpl$ffltu)
    x$fpl$fmul                               0x08005794   Section      258  fmul.o(x$fpl$fmul)
    x$fpl$fnaninf                            0x08005896   Section      140  fnaninf.o(x$fpl$fnaninf)
    x$fpl$fpinit                             0x08005922   Section       14  fpinit.o(x$fpl$fpinit)
    x$fpl$fretinf                            0x08005930   Section       10  fretinf.o(x$fpl$fretinf)
    x$fpl$fsub                               0x0800593c   Section      234  faddsub_clz.o(x$fpl$fsub)
    _fsub1                                   0x0800594b   Thumb Code     0  faddsub_clz.o(x$fpl$fsub)
    x$fpl$retnan                             0x08005a26   Section      100  retnan.o(x$fpl$retnan)
    x$fpl$scalbn                             0x08005a8a   Section       92  scalbn.o(x$fpl$scalbn)
    x$fpl$trapveneer                         0x08005ae6   Section       48  trapv.o(x$fpl$trapveneer)
    x$fpl$usenofp                            0x08005b16   Section        0  usenofp.o(x$fpl$usenofp)
    .constdata                               0x08005b18   Section      152  atan.o(.constdata)
    atanhi                                   0x08005b18   Data          32  atan.o(.constdata)
    atanlo                                   0x08005b38   Data          32  atan.o(.constdata)
    aTodd                                    0x08005b58   Data          40  atan.o(.constdata)
    aTeven                                   0x08005b80   Data          48  atan.o(.constdata)
    .constdata                               0x08005bb0   Section       48  cos_i.o(.constdata)
    C                                        0x08005bb0   Data          48  cos_i.o(.constdata)
    .constdata                               0x08005be0   Section        8  qnan.o(.constdata)
    .constdata                               0x08005be8   Section      200  rred.o(.constdata)
    pio2s                                    0x08005be8   Data          48  rred.o(.constdata)
    twooverpi                                0x08005c18   Data         152  rred.o(.constdata)
    .constdata                               0x08005cb0   Section       40  sin_i.o(.constdata)
    S                                        0x08005cb0   Data          40  sin_i.o(.constdata)
    .data                                    0x20000000   Section      704  main.o(.data)
    .data                                    0x200002c0   Section       20  system_stm32f10x.o(.data)
    .data                                    0x200002d4   Section       20  stm32f10x_rcc.o(.data)
    APBAHBPrescTable                         0x200002d4   Data          16  stm32f10x_rcc.o(.data)
    ADCPrescTable                            0x200002e4   Data           4  stm32f10x_rcc.o(.data)
    .bss                                     0x200002e8   Section      110  main.o(.bss)
    .bss                                     0x20000358   Section       96  libspace.o(.bss)
    HEAP                                     0x200003b8   Section      512  startup_stm32f10x_hd.o(HEAP)
    Heap_Mem                                 0x200003b8   Data         512  startup_stm32f10x_hd.o(HEAP)
    STACK                                    0x200005b8   Section     1024  startup_stm32f10x_hd.o(STACK)
    Stack_Mem                                0x200005b8   Data        1024  startup_stm32f10x_hd.o(STACK)
    __initial_sp                             0x200009b8   Data           0  startup_stm32f10x_hd.o(STACK)

    Global Symbols

    Symbol Name                              Value     Ov Type        Size  Object(Section)

    BuildAttributes$$THM_ISAv4$P$D$K$B$S$PE$A:L22UL41UL21$X:L11$S22US41US21$IEEE1$IW$USESV6$~STKCKD$USESV7$~SHL$OTIME$ROPI$IEEEX$EBA8$UX$STANDARDLIB$REQ8$PRES8$EABIv2 0x00000000   Number         0  anon$$obj.o ABSOLUTE
    __ARM_use_no_argv                        0x00000000   Number         0  main.o ABSOLUTE
    __ARM_exceptions_init                     - Undefined Weak Reference
    __alloca_initialize                       - Undefined Weak Reference
    __cpp_initialize__aeabi_                  - Undefined Weak Reference
    __cxa_finalize                            - Undefined Weak Reference
    __rt_locale                               - Undefined Weak Reference
    __sigvec_lookup                           - Undefined Weak Reference
    _atexit_init                              - Undefined Weak Reference
    _call_atexit_fns                          - Undefined Weak Reference
    _clock_init                               - Undefined Weak Reference
    _fp_trap_init                             - Undefined Weak Reference
    _fp_trap_shutdown                         - Undefined Weak Reference
    _get_lc_collate                           - Undefined Weak Reference
    _get_lc_ctype                             - Undefined Weak Reference
    _get_lc_monetary                          - Undefined Weak Reference
    _get_lc_numeric                           - Undefined Weak Reference
    _get_lc_time                              - Undefined Weak Reference
    _getenv_init                              - Undefined Weak Reference
    _handle_redirection                       - Undefined Weak Reference
    _init_alloc                               - Undefined Weak Reference
    _init_user_alloc                          - Undefined Weak Reference
    _initio                                   - Undefined Weak Reference
    _printf_mbtowc                            - Undefined Weak Reference
    _printf_post_padding                      - Undefined Weak Reference
    _printf_pre_padding                       - Undefined Weak Reference
    _rand_init                                - Undefined Weak Reference
    _signal_finish                            - Undefined Weak Reference
    _signal_init                              - Undefined Weak Reference
    _terminate_alloc                          - Undefined Weak Reference
    _terminate_user_alloc                     - Undefined Weak Reference
    _terminateio                              - Undefined Weak Reference
    __Vectors_Size                           0x00000130   Number         0  startup_stm32f10x_hd.o ABSOLUTE
    __Vectors                                0x08000000   Data           4  startup_stm32f10x_hd.o(RESET)
    __Vectors_End                            0x08000130   Data           0  startup_stm32f10x_hd.o(RESET)
    __main                                   0x08000131   Thumb Code     8  __main.o(!!!main)
    __scatterload                            0x08000139   Thumb Code     0  __scatter.o(!!!scatter)
    __scatterload_rt2                        0x08000139   Thumb Code    44  __scatter.o(!!!scatter)
    __scatterload_rt2_thumb_only             0x08000139   Thumb Code     0  __scatter.o(!!!scatter)
    __scatterload_null                       0x08000147   Thumb Code     0  __scatter.o(!!!scatter)
    __decompress                             0x0800016d   Thumb Code    90  __dczerorl2.o(!!dczerorl2)
    __decompress1                            0x0800016d   Thumb Code     0  __dczerorl2.o(!!dczerorl2)
    __scatterload_zeroinit                   0x080001c9   Thumb Code    28  __scatter_zi.o(!!handler_zi)
    _printf_c                                0x080001e5   Thumb Code     0  _printf_c.o(.ARM.Collect$$_printf_percent$$00000013)
    _printf_percent                          0x080001e5   Thumb Code     0  _printf_percent.o(.ARM.Collect$$_printf_percent$$00000000)
    _printf_percent_end                      0x080001eb   Thumb Code     0  _printf_percent_end.o(.ARM.Collect$$_printf_percent$$00000017)
    __rt_lib_init                            0x080001ef   Thumb Code     0  libinit.o(.ARM.Collect$$libinit$$00000000)
    __rt_lib_init_alloca_1                   0x080001f5   Thumb Code     0  libinit2.o(.ARM.Collect$$libinit$$0000002A)
    __rt_lib_init_argv_1                     0x080001f5   Thumb Code     0  libinit2.o(.ARM.Collect$$libinit$$00000028)
    __rt_lib_init_atexit_1                   0x080001f5   Thumb Code     0  libinit2.o(.ARM.Collect$$libinit$$00000017)
    __rt_lib_init_clock_1                    0x080001f5   Thumb Code     0  libinit2.o(.ARM.Collect$$libinit$$0000001D)
    __rt_lib_init_cpp_1                      0x080001f5   Thumb Code     0  libinit2.o(.ARM.Collect$$libinit$$0000002E)
    __rt_lib_init_exceptions_1               0x080001f5   Thumb Code     0  libinit2.o(.ARM.Collect$$libinit$$0000002C)
    __rt_lib_init_fp_trap_1                  0x080001f5   Thumb Code     0  libinit2.o(.ARM.Collect$$libinit$$0000001B)
    __rt_lib_init_getenv_1                   0x080001f5   Thumb Code     0  libinit2.o(.ARM.Collect$$libinit$$0000001F)
    __rt_lib_init_heap_1                     0x080001f5   Thumb Code     0  libinit2.o(.ARM.Collect$$libinit$$00000006)
    __rt_lib_init_lc_collate_1               0x080001f5   Thumb Code     0  libinit2.o(.ARM.Collect$$libinit$$0000000D)
    __rt_lib_init_lc_ctype_1                 0x080001f5   Thumb Code     0  libinit2.o(.ARM.Collect$$libinit$$0000000F)
    __rt_lib_init_lc_monetary_1              0x080001f5   Thumb Code     0  libinit2.o(.ARM.Collect$$libinit$$00000011)
    __rt_lib_init_lc_numeric_1               0x080001f5   Thumb Code     0  libinit2.o(.ARM.Collect$$libinit$$00000013)
    __rt_lib_init_lc_time_1                  0x080001f5   Thumb Code     0  libinit2.o(.ARM.Collect$$libinit$$00000015)
    __rt_lib_init_rand_1                     0x080001f5   Thumb Code     0  libinit2.o(.ARM.Collect$$libinit$$0000000A)
    __rt_lib_init_return                     0x080001f5   Thumb Code     0  libinit2.o(.ARM.Collect$$libinit$$0000002F)
    __rt_lib_init_signal_1                   0x080001f5   Thumb Code     0  libinit2.o(.ARM.Collect$$libinit$$00000019)
    __rt_lib_init_stdio_1                    0x080001f5   Thumb Code     0  libinit2.o(.ARM.Collect$$libinit$$00000021)
    __rt_lib_init_user_alloc_1               0x080001f5   Thumb Code     0  libinit2.o(.ARM.Collect$$libinit$$00000008)
    __rt_lib_shutdown                        0x080001f7   Thumb Code     0  libshutdown.o(.ARM.Collect$$libshutdown$$00000000)
    __rt_lib_shutdown_fp_trap_1              0x080001f9   Thumb Code     0  libshutdown2.o(.ARM.Collect$$libshutdown$$00000006)
    __rt_lib_shutdown_heap_1                 0x080001f9   Thumb Code     0  libshutdown2.o(.ARM.Collect$$libshutdown$$0000000E)
    __rt_lib_shutdown_return                 0x080001f9   Thumb Code     0  libshutdown2.o(.ARM.Collect$$libshutdown$$0000000F)
    __rt_lib_shutdown_signal_1               0x080001f9   Thumb Code     0  libshutdown2.o(.ARM.Collect$$libshutdown$$00000009)
    __rt_lib_shutdown_stdio_1                0x080001f9   Thumb Code     0  libshutdown2.o(.ARM.Collect$$libshutdown$$00000003)
    __rt_lib_shutdown_user_alloc_1           0x080001f9   Thumb Code     0  libshutdown2.o(.ARM.Collect$$libshutdown$$0000000B)
    __rt_entry                               0x080001fb   Thumb Code     0  rtentry.o(.ARM.Collect$$rtentry$$00000000)
    __rt_entry_presh_1                       0x080001fb   Thumb Code     0  rtentry2.o(.ARM.Collect$$rtentry$$00000002)
    __rt_entry_sh                            0x080001fb   Thumb Code     0  rtentry4.o(.ARM.Collect$$rtentry$$00000004)
    __rt_entry_li                            0x08000201   Thumb Code     0  rtentry2.o(.ARM.Collect$$rtentry$$0000000A)
    __rt_entry_postsh_1                      0x08000201   Thumb Code     0  rtentry2.o(.ARM.Collect$$rtentry$$00000009)
    __rt_entry_main                          0x08000205   Thumb Code     0  rtentry2.o(.ARM.Collect$$rtentry$$0000000D)
    __rt_entry_postli_1                      0x08000205   Thumb Code     0  rtentry2.o(.ARM.Collect$$rtentry$$0000000C)
    __rt_exit                                0x0800020d   Thumb Code     0  rtexit.o(.ARM.Collect$$rtexit$$00000000)
    __rt_exit_ls                             0x0800020f   Thumb Code     0  rtexit2.o(.ARM.Collect$$rtexit$$00000003)
    __rt_exit_prels_1                        0x0800020f   Thumb Code     0  rtexit2.o(.ARM.Collect$$rtexit$$00000002)
    __rt_exit_exit                           0x08000213   Thumb Code     0  rtexit2.o(.ARM.Collect$$rtexit$$00000004)
    Reset_Handler                            0x08000219   Thumb Code     8  startup_stm32f10x_hd.o(.text)
    NMI_Handler                              0x08000221   Thumb Code     2  startup_stm32f10x_hd.o(.text)
    HardFault_Handler                        0x08000223   Thumb Code     2  startup_stm32f10x_hd.o(.text)
    MemManage_Handler                        0x08000225   Thumb Code     2  startup_stm32f10x_hd.o(.text)
    BusFault_Handler                         0x08000227   Thumb Code     2  startup_stm32f10x_hd.o(.text)
    UsageFault_Handler                       0x08000229   Thumb Code     2  startup_stm32f10x_hd.o(.text)
    SVC_Handler                              0x0800022b   Thumb Code     2  startup_stm32f10x_hd.o(.text)
    DebugMon_Handler                         0x0800022d   Thumb Code     2  startup_stm32f10x_hd.o(.text)
    PendSV_Handler                           0x0800022f   Thumb Code     2  startup_stm32f10x_hd.o(.text)
    SysTick_Handler                          0x08000231   Thumb Code     2  startup_stm32f10x_hd.o(.text)
    ADC1_2_IRQHandler                        0x08000233   Thumb Code     0  startup_stm32f10x_hd.o(.text)
    ADC3_IRQHandler                          0x08000233   Thumb Code     0  startup_stm32f10x_hd.o(.text)
    CAN1_RX1_IRQHandler                      0x08000233   Thumb Code     0  startup_stm32f10x_hd.o(.text)
    CAN1_SCE_IRQHandler                      0x08000233   Thumb Code     0  startup_stm32f10x_hd.o(.text)
    DMA1_Channel1_IRQHandler                 0x08000233   Thumb Code     0  startup_stm32f10x_hd.o(.text)
    DMA1_Channel2_IRQHandler                 0x08000233   Thumb Code     0  startup_stm32f10x_hd.o(.text)
    DMA1_Channel3_IRQHandler                 0x08000233   Thumb Code     0  startup_stm32f10x_hd.o(.text)
    DMA1_Channel4_IRQHandler                 0x08000233   Thumb Code     0  startup_stm32f10x_hd.o(.text)
    DMA1_Channel5_IRQHandler                 0x08000233   Thumb Code     0  startup_stm32f10x_hd.o(.text)
    DMA1_Channel6_IRQHandler                 0x08000233   Thumb Code     0  startup_stm32f10x_hd.o(.text)
    DMA1_Channel7_IRQHandler                 0x08000233   Thumb Code     0  startup_stm32f10x_hd.o(.text)
    DMA2_Channel1_IRQHandler                 0x08000233   Thumb Code     0  startup_stm32f10x_hd.o(.text)
    DMA2_Channel2_IRQHandler                 0x08000233   Thumb Code     0  startup_stm32f10x_hd.o(.text)
    DMA2_Channel3_IRQHandler                 0x08000233   Thumb Code     0  startup_stm32f10x_hd.o(.text)
    DMA2_Channel4_5_IRQHandler               0x08000233   Thumb Code     0  startup_stm32f10x_hd.o(.text)
    EXTI0_IRQHandler                         0x08000233   Thumb Code     0  startup_stm32f10x_hd.o(.text)
    EXTI15_10_IRQHandler                     0x08000233   Thumb Code     0  startup_stm32f10x_hd.o(.text)
    EXTI1_IRQHandler                         0x08000233   Thumb Code     0  startup_stm32f10x_hd.o(.text)
    EXTI2_IRQHandler                         0x08000233   Thumb Code     0  startup_stm32f10x_hd.o(.text)
    EXTI3_IRQHandler                         0x08000233   Thumb Code     0  startup_stm32f10x_hd.o(.text)
    EXTI4_IRQHandler                         0x08000233   Thumb Code     0  startup_stm32f10x_hd.o(.text)
    EXTI9_5_IRQHandler                       0x08000233   Thumb Code     0  startup_stm32f10x_hd.o(.text)
    FLASH_IRQHandler                         0x08000233   Thumb Code     0  startup_stm32f10x_hd.o(.text)
    FSMC_IRQHandler                          0x08000233   Thumb Code     0  startup_stm32f10x_hd.o(.text)
    I2C1_ER_IRQHandler                       0x08000233   Thumb Code     0  startup_stm32f10x_hd.o(.text)
    I2C1_EV_IRQHandler                       0x08000233   Thumb Code     0  startup_stm32f10x_hd.o(.text)
    I2C2_ER_IRQHandler                       0x08000233   Thumb Code     0  startup_stm32f10x_hd.o(.text)
    I2C2_EV_IRQHandler                       0x08000233   Thumb Code     0  startup_stm32f10x_hd.o(.text)
    PVD_IRQHandler                           0x08000233   Thumb Code     0  startup_stm32f10x_hd.o(.text)
    RCC_IRQHandler                           0x08000233   Thumb Code     0  startup_stm32f10x_hd.o(.text)
    RTCAlarm_IRQHandler                      0x08000233   Thumb Code     0  startup_stm32f10x_hd.o(.text)
    RTC_IRQHandler                           0x08000233   Thumb Code     0  startup_stm32f10x_hd.o(.text)
    SDIO_IRQHandler                          0x08000233   Thumb Code     0  startup_stm32f10x_hd.o(.text)
    SPI1_IRQHandler                          0x08000233   Thumb Code     0  startup_stm32f10x_hd.o(.text)
    SPI2_IRQHandler                          0x08000233   Thumb Code     0  startup_stm32f10x_hd.o(.text)
    SPI3_IRQHandler                          0x08000233   Thumb Code     0  startup_stm32f10x_hd.o(.text)
    TAMPER_IRQHandler                        0x08000233   Thumb Code     0  startup_stm32f10x_hd.o(.text)
    TIM1_BRK_IRQHandler                      0x08000233   Thumb Code     0  startup_stm32f10x_hd.o(.text)
    TIM1_CC_IRQHandler                       0x08000233   Thumb Code     0  startup_stm32f10x_hd.o(.text)
    TIM1_TRG_COM_IRQHandler                  0x08000233   Thumb Code     0  startup_stm32f10x_hd.o(.text)
    TIM1_UP_IRQHandler                       0x08000233   Thumb Code     0  startup_stm32f10x_hd.o(.text)
    TIM3_IRQHandler                          0x08000233   Thumb Code     0  startup_stm32f10x_hd.o(.text)
    TIM4_IRQHandler                          0x08000233   Thumb Code     0  startup_stm32f10x_hd.o(.text)
    TIM5_IRQHandler                          0x08000233   Thumb Code     0  startup_stm32f10x_hd.o(.text)
    TIM6_IRQHandler                          0x08000233   Thumb Code     0  startup_stm32f10x_hd.o(.text)
    TIM7_IRQHandler                          0x08000233   Thumb Code     0  startup_stm32f10x_hd.o(.text)
    TIM8_BRK_IRQHandler                      0x08000233   Thumb Code     0  startup_stm32f10x_hd.o(.text)
    TIM8_CC_IRQHandler                       0x08000233   Thumb Code     0  startup_stm32f10x_hd.o(.text)
    TIM8_TRG_COM_IRQHandler                  0x08000233   Thumb Code     0  startup_stm32f10x_hd.o(.text)
    TIM8_UP_IRQHandler                       0x08000233   Thumb Code     0  startup_stm32f10x_hd.o(.text)
    UART5_IRQHandler                         0x08000233   Thumb Code     0  startup_stm32f10x_hd.o(.text)
    USART1_IRQHandler                        0x08000233   Thumb Code     0  startup_stm32f10x_hd.o(.text)
    USART2_IRQHandler                        0x08000233   Thumb Code     0  startup_stm32f10x_hd.o(.text)
    USART3_IRQHandler                        0x08000233   Thumb Code     0  startup_stm32f10x_hd.o(.text)
    USBWakeUp_IRQHandler                     0x08000233   Thumb Code     0  startup_stm32f10x_hd.o(.text)
    USB_HP_CAN1_TX_IRQHandler                0x08000233   Thumb Code     0  startup_stm32f10x_hd.o(.text)
    USB_LP_CAN1_RX0_IRQHandler               0x08000233   Thumb Code     0  startup_stm32f10x_hd.o(.text)
    WWDG_IRQHandler                          0x08000233   Thumb Code     0  startup_stm32f10x_hd.o(.text)
    __user_initial_stackheap                 0x08000235   Thumb Code     0  startup_stm32f10x_hd.o(.text)
    yaw_PID                                  0x08000259   Thumb Code   500  main.o(.text)
    roll_PID                                 0x0800044d   Thumb Code   372  main.o(.text)
    pitch_PID                                0x080005c1   Thumb Code   518  main.o(.text)
    readADC1                                 0x080007c7   Thumb Code    46  main.o(.text)
    MPU6050_I2C_BufferRead                   0x080007f5   Thumb Code   218  main.o(.text)
    MPU6050_Gyro_get                         0x080008cf   Thumb Code   206  main.o(.text)
    MPU6050_ACC_get                          0x0800099d   Thumb Code   112  main.o(.text)
    Delay_ms                                 0x08000a0d   Thumb Code    38  main.o(.text)
    ReadFromEEPROM                           0x08000a33   Thumb Code   302  main.o(.text)
    NVIC_Configuration                       0x08000b61   Thumb Code    36  main.o(.text)
    Timer4_Config                            0x08000b85   Thumb Code   120  main.o(.text)
    Timer5_Config                            0x08000bfd   Thumb Code   124  main.o(.text)
    Timer2_Config                            0x08000c79   Thumb Code    44  main.o(.text)
    Timer8_Config                            0x08000ca5   Thumb Code   208  main.o(.text)
    Timer1_Config                            0x08000d75   Thumb Code   190  main.o(.text)
    MPU6050_Init                             0x08000e33   Thumb Code   548  main.o(.text)
    ADC_Config                               0x08001057   Thumb Code   116  main.o(.text)
    I2C_Config                               0x080010cb   Thumb Code    86  main.o(.text)
    Usart4Init                               0x08001121   Thumb Code   132  main.o(.text)
    GPIO_Config                              0x080011a5   Thumb Code    66  main.o(.text)
    Periph_clock_enable                      0x080011e7   Thumb Code    30  main.o(.text)
    main                                     0x08001205   Thumb Code  1402  main.o(.text)
    USART_PutChar                            0x0800177f   Thumb Code    20  main.o(.text)
    USART_PutString                          0x08001793   Thumb Code    22  main.o(.text)
    WriteToEEPROM                            0x080017a9   Thumb Code   284  main.o(.text)
    saveData                                 0x080018c5   Thumb Code    52  main.o(.text)
    UART4_IRQHandler                         0x080018f9   Thumb Code   212  main.o(.text)
    TIM2_IRQHandler                          0x080019cd   Thumb Code    36  main.o(.text)
    SystemInit                               0x08001aed   Thumb Code    78  system_stm32f10x.o(.text)
    SystemCoreClockUpdate                    0x08001b3b   Thumb Code   142  system_stm32f10x.o(.text)
    GPIO_DeInit                              0x08001bed   Thumb Code   172  stm32f10x_gpio.o(.text)
    GPIO_AFIODeInit                          0x08001c99   Thumb Code    20  stm32f10x_gpio.o(.text)
    GPIO_Init                                0x08001cad   Thumb Code   274  stm32f10x_gpio.o(.text)
    GPIO_StructInit                          0x08001dbf   Thumb Code    16  stm32f10x_gpio.o(.text)
    GPIO_ReadInputDataBit                    0x08001dcf   Thumb Code    18  stm32f10x_gpio.o(.text)
    GPIO_ReadInputData                       0x08001de1   Thumb Code     8  stm32f10x_gpio.o(.text)
    GPIO_ReadOutputDataBit                   0x08001de9   Thumb Code    18  stm32f10x_gpio.o(.text)
    GPIO_ReadOutputData                      0x08001dfb   Thumb Code     8  stm32f10x_gpio.o(.text)
    GPIO_SetBits                             0x08001e03   Thumb Code     4  stm32f10x_gpio.o(.text)
    GPIO_ResetBits                           0x08001e07   Thumb Code     4  stm32f10x_gpio.o(.text)
    GPIO_WriteBit                            0x08001e0b   Thumb Code    10  stm32f10x_gpio.o(.text)
    GPIO_Write                               0x08001e15   Thumb Code     4  stm32f10x_gpio.o(.text)
    GPIO_PinLockConfig                       0x08001e19   Thumb Code    18  stm32f10x_gpio.o(.text)
    GPIO_EventOutputConfig                   0x08001e2b   Thumb Code    26  stm32f10x_gpio.o(.text)
    GPIO_EventOutputCmd                      0x08001e45   Thumb Code     6  stm32f10x_gpio.o(.text)
    GPIO_PinRemapConfig                      0x08001e4b   Thumb Code   138  stm32f10x_gpio.o(.text)
    GPIO_EXTILineConfig                      0x08001ed5   Thumb Code    66  stm32f10x_gpio.o(.text)
    GPIO_ETH_MediaInterfaceConfig            0x08001f17   Thumb Code     6  stm32f10x_gpio.o(.text)
    USART_DeInit                             0x08001f45   Thumb Code   134  stm32f10x_usart.o(.text)
    USART_Init                               0x08001fcb   Thumb Code   210  stm32f10x_usart.o(.text)
    USART_StructInit                         0x0800209d   Thumb Code    24  stm32f10x_usart.o(.text)
    USART_ClockInit                          0x080020b5   Thumb Code    34  stm32f10x_usart.o(.text)
    USART_ClockStructInit                    0x080020d7   Thumb Code    12  stm32f10x_usart.o(.text)
    USART_Cmd                                0x080020e3   Thumb Code    24  stm32f10x_usart.o(.text)
    USART_ITConfig                           0x080020fb   Thumb Code    74  stm32f10x_usart.o(.text)
    USART_DMACmd                             0x08002145   Thumb Code    24  stm32f10x_usart.o(.text)
    USART_SetAddress                         0x0800215d   Thumb Code    18  stm32f10x_usart.o(.text)
    USART_WakeUpConfig                       0x0800216f   Thumb Code    18  stm32f10x_usart.o(.text)
    USART_ReceiverWakeUpCmd                  0x08002181   Thumb Code    24  stm32f10x_usart.o(.text)
    USART_LINBreakDetectLengthConfig         0x08002199   Thumb Code    18  stm32f10x_usart.o(.text)
    USART_LINCmd                             0x080021ab   Thumb Code    24  stm32f10x_usart.o(.text)
    USART_SendData                           0x080021c3   Thumb Code     8  stm32f10x_usart.o(.text)
    USART_ReceiveData                        0x080021cb   Thumb Code    10  stm32f10x_usart.o(.text)
    USART_SendBreak                          0x080021d5   Thumb Code    10  stm32f10x_usart.o(.text)
    USART_SetGuardTime                       0x080021df   Thumb Code    16  stm32f10x_usart.o(.text)
    USART_SetPrescaler                       0x080021ef   Thumb Code    16  stm32f10x_usart.o(.text)
    USART_SmartCardCmd                       0x080021ff   Thumb Code    24  stm32f10x_usart.o(.text)
    USART_SmartCardNACKCmd                   0x08002217   Thumb Code    24  stm32f10x_usart.o(.text)
    USART_HalfDuplexCmd                      0x0800222f   Thumb Code    24  stm32f10x_usart.o(.text)
    USART_OverSampling8Cmd                   0x08002247   Thumb Code    22  stm32f10x_usart.o(.text)
    USART_OneBitMethodCmd                    0x0800225d   Thumb Code    24  stm32f10x_usart.o(.text)
    USART_IrDAConfig                         0x08002275   Thumb Code    18  stm32f10x_usart.o(.text)
    USART_IrDACmd                            0x08002287   Thumb Code    24  stm32f10x_usart.o(.text)
    USART_GetFlagStatus                      0x0800229f   Thumb Code    26  stm32f10x_usart.o(.text)
    USART_ClearFlag                          0x080022b9   Thumb Code    18  stm32f10x_usart.o(.text)
    USART_GetITStatus                        0x080022cb   Thumb Code    84  stm32f10x_usart.o(.text)
    USART_ClearITPendingBit                  0x0800231f   Thumb Code    50  stm32f10x_usart.o(.text)
    TIM_DeInit                               0x08002351   Thumb Code   424  stm32f10x_tim.o(.text)
    TIM_TimeBaseInit                         0x080024f9   Thumb Code   122  stm32f10x_tim.o(.text)
    TIM_OC1Init                              0x08002573   Thumb Code   132  stm32f10x_tim.o(.text)
    TIM_OC2Init                              0x080025f7   Thumb Code   146  stm32f10x_tim.o(.text)
    TIM_OC3Init                              0x08002689   Thumb Code   142  stm32f10x_tim.o(.text)
    TIM_OC4Init                              0x08002717   Thumb Code   174  stm32f10x_tim.o(.text)
    TIM_SetIC4Prescaler                      0x080027c5   Thumb Code    22  stm32f10x_tim.o(.text)
    TIM_SetIC3Prescaler                      0x08002851   Thumb Code    18  stm32f10x_tim.o(.text)
    TIM_SetIC2Prescaler                      0x080028d5   Thumb Code    22  stm32f10x_tim.o(.text)
    TIM_SetIC1Prescaler                      0x08002961   Thumb Code    18  stm32f10x_tim.o(.text)
    TIM_ICInit                               0x080029dd   Thumb Code   150  stm32f10x_tim.o(.text)
    TIM_PWMIConfig                           0x08002a73   Thumb Code   124  stm32f10x_tim.o(.text)
    TIM_BDTRConfig                           0x08002aef   Thumb Code    32  stm32f10x_tim.o(.text)
    TIM_TimeBaseStructInit                   0x08002b0f   Thumb Code    18  stm32f10x_tim.o(.text)
    TIM_OCStructInit                         0x08002b21   Thumb Code    20  stm32f10x_tim.o(.text)
    TIM_ICStructInit                         0x08002b35   Thumb Code    18  stm32f10x_tim.o(.text)
    TIM_BDTRStructInit                       0x08002b47   Thumb Code    18  stm32f10x_tim.o(.text)
    TIM_Cmd                                  0x08002b59   Thumb Code    24  stm32f10x_tim.o(.text)
    TIM_CtrlPWMOutputs                       0x08002b71   Thumb Code    50  stm32f10x_tim.o(.text)
    TIM_ITConfig                             0x08002ba3   Thumb Code    24  stm32f10x_tim.o(.text)
    TIM_GenerateEvent                        0x08002bbb   Thumb Code     4  stm32f10x_tim.o(.text)
    TIM_DMAConfig                            0x08002bbf   Thumb Code    10  stm32f10x_tim.o(.text)
    TIM_DMACmd                               0x08002bc9   Thumb Code    24  stm32f10x_tim.o(.text)
    TIM_InternalClockConfig                  0x08002be1   Thumb Code    12  stm32f10x_tim.o(.text)
    TIM_SelectInputTrigger                   0x08002bed   Thumb Code    18  stm32f10x_tim.o(.text)
    TIM_ITRxExternalClockConfig              0x08002bff   Thumb Code    24  stm32f10x_tim.o(.text)
    TIM_TIxExternalClockConfig               0x08002c17   Thumb Code    62  stm32f10x_tim.o(.text)
    TIM_ETRConfig                            0x08002c55   Thumb Code    24  stm32f10x_tim.o(.text)
    TIM_ETRClockMode1Config                  0x08002c6d   Thumb Code    54  stm32f10x_tim.o(.text)
    TIM_ETRClockMode2Config                  0x08002ca3   Thumb Code    32  stm32f10x_tim.o(.text)
    TIM_PrescalerConfig                      0x08002cc3   Thumb Code     6  stm32f10x_tim.o(.text)
    TIM_CounterModeConfig                    0x08002cc9   Thumb Code    18  stm32f10x_tim.o(.text)
    TIM_EncoderInterfaceConfig               0x08002cdb   Thumb Code    62  stm32f10x_tim.o(.text)
    TIM_ForcedOC1Config                      0x08002d19   Thumb Code    18  stm32f10x_tim.o(.text)
    TIM_ForcedOC2Config                      0x08002d2b   Thumb Code    22  stm32f10x_tim.o(.text)
    TIM_ForcedOC3Config                      0x08002d41   Thumb Code    18  stm32f10x_tim.o(.text)
    TIM_ForcedOC4Config                      0x08002d53   Thumb Code    22  stm32f10x_tim.o(.text)
    TIM_ARRPreloadConfig                     0x08002d69   Thumb Code    24  stm32f10x_tim.o(.text)
    TIM_SelectCOM                            0x08002d81   Thumb Code    24  stm32f10x_tim.o(.text)
    TIM_SelectCCDMA                          0x08002d99   Thumb Code    24  stm32f10x_tim.o(.text)
    TIM_CCPreloadControl                     0x08002db1   Thumb Code    24  stm32f10x_tim.o(.text)
    TIM_OC1PreloadConfig                     0x08002dc9   Thumb Code    18  stm32f10x_tim.o(.text)
    TIM_OC2PreloadConfig                     0x08002ddb   Thumb Code    22  stm32f10x_tim.o(.text)
    TIM_OC3PreloadConfig                     0x08002df1   Thumb Code    18  stm32f10x_tim.o(.text)
    TIM_OC4PreloadConfig                     0x08002e03   Thumb Code    22  stm32f10x_tim.o(.text)
    TIM_OC1FastConfig                        0x08002e19   Thumb Code    18  stm32f10x_tim.o(.text)
    TIM_OC2FastConfig                        0x08002e2b   Thumb Code    22  stm32f10x_tim.o(.text)
    TIM_OC3FastConfig                        0x08002e41   Thumb Code    18  stm32f10x_tim.o(.text)
    TIM_OC4FastConfig                        0x08002e53   Thumb Code    22  stm32f10x_tim.o(.text)
    TIM_ClearOC1Ref                          0x08002e69   Thumb Code    18  stm32f10x_tim.o(.text)
    TIM_ClearOC2Ref                          0x08002e7b   Thumb Code    20  stm32f10x_tim.o(.text)
    TIM_ClearOC3Ref                          0x08002e8f   Thumb Code    18  stm32f10x_tim.o(.text)
    TIM_ClearOC4Ref                          0x08002ea1   Thumb Code    20  stm32f10x_tim.o(.text)
    TIM_OC1PolarityConfig                    0x08002eb5   Thumb Code    18  stm32f10x_tim.o(.text)
    TIM_OC1NPolarityConfig                   0x08002ec7   Thumb Code    18  stm32f10x_tim.o(.text)
    TIM_OC2PolarityConfig                    0x08002ed9   Thumb Code    22  stm32f10x_tim.o(.text)
    TIM_OC2NPolarityConfig                   0x08002eef   Thumb Code    22  stm32f10x_tim.o(.text)
    TIM_OC3PolarityConfig                    0x08002f05   Thumb Code    22  stm32f10x_tim.o(.text)
    TIM_OC3NPolarityConfig                   0x08002f1b   Thumb Code    22  stm32f10x_tim.o(.text)
    TIM_OC4PolarityConfig                    0x08002f31   Thumb Code    22  stm32f10x_tim.o(.text)
    TIM_CCxCmd                               0x08002f47   Thumb Code    34  stm32f10x_tim.o(.text)
    TIM_CCxNCmd                              0x08002f69   Thumb Code    34  stm32f10x_tim.o(.text)
    TIM_SelectOCxM                           0x08002f8b   Thumb Code    82  stm32f10x_tim.o(.text)
    TIM_UpdateDisableConfig                  0x08002fdd   Thumb Code    24  stm32f10x_tim.o(.text)
    TIM_UpdateRequestConfig                  0x08002ff5   Thumb Code    24  stm32f10x_tim.o(.text)
    TIM_SelectHallSensor                     0x0800300d   Thumb Code    24  stm32f10x_tim.o(.text)
    TIM_SelectOnePulseMode                   0x08003025   Thumb Code    18  stm32f10x_tim.o(.text)
    TIM_SelectOutputTrigger                  0x08003037   Thumb Code    18  stm32f10x_tim.o(.text)
    TIM_SelectSlaveMode                      0x08003049   Thumb Code    18  stm32f10x_tim.o(.text)
    TIM_SelectMasterSlaveMode                0x0800305b   Thumb Code    18  stm32f10x_tim.o(.text)
    TIM_SetCounter                           0x0800306d   Thumb Code     4  stm32f10x_tim.o(.text)
    TIM_SetAutoreload                        0x08003071   Thumb Code     4  stm32f10x_tim.o(.text)
    TIM_SetCompare1                          0x08003075   Thumb Code     4  stm32f10x_tim.o(.text)
    TIM_SetCompare2                          0x08003079   Thumb Code     4  stm32f10x_tim.o(.text)
    TIM_SetCompare3                          0x0800307d   Thumb Code     4  stm32f10x_tim.o(.text)
    TIM_SetCompare4                          0x08003081   Thumb Code     6  stm32f10x_tim.o(.text)
    TIM_SetClockDivision                     0x08003087   Thumb Code    18  stm32f10x_tim.o(.text)
    TIM_GetCapture1                          0x08003099   Thumb Code     6  stm32f10x_tim.o(.text)
    TIM_GetCapture2                          0x0800309f   Thumb Code     6  stm32f10x_tim.o(.text)
    TIM_GetCapture3                          0x080030a5   Thumb Code     6  stm32f10x_tim.o(.text)
    TIM_GetCapture4                          0x080030ab   Thumb Code     8  stm32f10x_tim.o(.text)
    TIM_GetCounter                           0x080030b3   Thumb Code     6  stm32f10x_tim.o(.text)
    TIM_GetPrescaler                         0x080030b9   Thumb Code     6  stm32f10x_tim.o(.text)
    TIM_GetFlagStatus                        0x080030bf   Thumb Code    18  stm32f10x_tim.o(.text)
    TIM_ClearFlag                            0x080030d1   Thumb Code     6  stm32f10x_tim.o(.text)
    TIM_GetITStatus                          0x080030d7   Thumb Code    34  stm32f10x_tim.o(.text)
    TIM_ClearITPendingBit                    0x080030f9   Thumb Code     6  stm32f10x_tim.o(.text)
    RCC_DeInit                               0x08003101   Thumb Code    64  stm32f10x_rcc.o(.text)
    RCC_HSEConfig                            0x08003141   Thumb Code    70  stm32f10x_rcc.o(.text)
    RCC_GetFlagStatus                        0x08003187   Thumb Code    56  stm32f10x_rcc.o(.text)
    RCC_WaitForHSEStartUp                    0x080031bf   Thumb Code    48  stm32f10x_rcc.o(.text)
    RCC_AdjustHSICalibrationValue            0x080031ef   Thumb Code    20  stm32f10x_rcc.o(.text)
    RCC_HSICmd                               0x08003203   Thumb Code     6  stm32f10x_rcc.o(.text)
    RCC_PLLConfig                            0x08003209   Thumb Code    24  stm32f10x_rcc.o(.text)
    RCC_PLLCmd                               0x08003221   Thumb Code     6  stm32f10x_rcc.o(.text)
    RCC_SYSCLKConfig                         0x08003227   Thumb Code    18  stm32f10x_rcc.o(.text)
    RCC_GetSYSCLKSource                      0x08003239   Thumb Code    10  stm32f10x_rcc.o(.text)
    RCC_HCLKConfig                           0x08003243   Thumb Code    18  stm32f10x_rcc.o(.text)
    RCC_PCLK1Config                          0x08003255   Thumb Code    18  stm32f10x_rcc.o(.text)
    RCC_PCLK2Config                          0x08003267   Thumb Code    20  stm32f10x_rcc.o(.text)
    RCC_ITConfig                             0x0800327b   Thumb Code    30  stm32f10x_rcc.o(.text)
    RCC_USBCLKConfig                         0x08003299   Thumb Code     6  stm32f10x_rcc.o(.text)
    RCC_ADCCLKConfig                         0x0800329f   Thumb Code    18  stm32f10x_rcc.o(.text)
    RCC_LSEConfig                            0x080032b1   Thumb Code    44  stm32f10x_rcc.o(.text)
    RCC_LSICmd                               0x080032dd   Thumb Code     6  stm32f10x_rcc.o(.text)
    RCC_RTCCLKConfig                         0x080032e3   Thumb Code    12  stm32f10x_rcc.o(.text)
    RCC_RTCCLKCmd                            0x080032ef   Thumb Code     8  stm32f10x_rcc.o(.text)
    RCC_GetClocksFreq                        0x080032f7   Thumb Code   192  stm32f10x_rcc.o(.text)
    RCC_AHBPeriphClockCmd                    0x080033b7   Thumb Code    26  stm32f10x_rcc.o(.text)
    RCC_APB2PeriphClockCmd                   0x080033d1   Thumb Code    26  stm32f10x_rcc.o(.text)
    RCC_APB1PeriphClockCmd                   0x080033eb   Thumb Code    26  stm32f10x_rcc.o(.text)
    RCC_APB2PeriphResetCmd                   0x08003405   Thumb Code    26  stm32f10x_rcc.o(.text)
    RCC_APB1PeriphResetCmd                   0x0800341f   Thumb Code    26  stm32f10x_rcc.o(.text)
    RCC_BackupResetCmd                       0x08003439   Thumb Code     8  stm32f10x_rcc.o(.text)
    RCC_ClockSecuritySystemCmd               0x08003441   Thumb Code     6  stm32f10x_rcc.o(.text)
    RCC_MCOConfig                            0x08003447   Thumb Code     6  stm32f10x_rcc.o(.text)
    RCC_ClearFlag                            0x0800344d   Thumb Code    14  stm32f10x_rcc.o(.text)
    RCC_GetITStatus                          0x0800345b   Thumb Code    20  stm32f10x_rcc.o(.text)
    RCC_ClearITPendingBit                    0x0800346f   Thumb Code     6  stm32f10x_rcc.o(.text)
    I2C_DeInit                               0x080034a1   Thumb Code    50  stm32f10x_i2c.o(.text)
    I2C_Init                                 0x080034d3   Thumb Code   222  stm32f10x_i2c.o(.text)
    I2C_StructInit                           0x080035b1   Thumb Code    30  stm32f10x_i2c.o(.text)
    I2C_Cmd                                  0x080035cf   Thumb Code    24  stm32f10x_i2c.o(.text)
    I2C_DMACmd                               0x080035e7   Thumb Code    24  stm32f10x_i2c.o(.text)
    I2C_DMALastTransferCmd                   0x080035ff   Thumb Code    24  stm32f10x_i2c.o(.text)
    I2C_GenerateSTART                        0x08003617   Thumb Code    24  stm32f10x_i2c.o(.text)
    I2C_GenerateSTOP                         0x0800362f   Thumb Code    24  stm32f10x_i2c.o(.text)
    I2C_AcknowledgeConfig                    0x08003647   Thumb Code    24  stm32f10x_i2c.o(.text)
    I2C_OwnAddress2Config                    0x0800365f   Thumb Code    22  stm32f10x_i2c.o(.text)
    I2C_DualAddressCmd                       0x08003675   Thumb Code    24  stm32f10x_i2c.o(.text)
    I2C_GeneralCallCmd                       0x0800368d   Thumb Code    24  stm32f10x_i2c.o(.text)
    I2C_ITConfig                             0x080036a5   Thumb Code    24  stm32f10x_i2c.o(.text)
    I2C_SendData                             0x080036bd   Thumb Code     4  stm32f10x_i2c.o(.text)
    I2C_ReceiveData                          0x080036c1   Thumb Code     8  stm32f10x_i2c.o(.text)
    I2C_Send7bitAddress                      0x080036c9   Thumb Code    18  stm32f10x_i2c.o(.text)
    I2C_ReadRegister                         0x080036db   Thumb Code    12  stm32f10x_i2c.o(.text)
    I2C_SoftwareResetCmd                     0x080036e7   Thumb Code    22  stm32f10x_i2c.o(.text)
    I2C_NACKPositionConfig                   0x080036fd   Thumb Code    28  stm32f10x_i2c.o(.text)
    I2C_SMBusAlertConfig                     0x08003719   Thumb Code    28  stm32f10x_i2c.o(.text)
    I2C_TransmitPEC                          0x08003735   Thumb Code    24  stm32f10x_i2c.o(.text)
    I2C_PECPositionConfig                    0x0800374d   Thumb Code    28  stm32f10x_i2c.o(.text)
    I2C_CalculatePEC                         0x08003769   Thumb Code    24  stm32f10x_i2c.o(.text)
    I2C_GetPEC                               0x08003781   Thumb Code     8  stm32f10x_i2c.o(.text)
    I2C_ARPCmd                               0x08003789   Thumb Code    24  stm32f10x_i2c.o(.text)
    I2C_StretchClockCmd                      0x080037a1   Thumb Code    24  stm32f10x_i2c.o(.text)
    I2C_FastModeDutyCycleConfig              0x080037b9   Thumb Code    28  stm32f10x_i2c.o(.text)
    I2C_CheckEvent                           0x080037d5   Thumb Code    42  stm32f10x_i2c.o(.text)
    I2C_GetLastEvent                         0x080037ff   Thumb Code    26  stm32f10x_i2c.o(.text)
    I2C_GetFlagStatus                        0x08003819   Thumb Code    42  stm32f10x_i2c.o(.text)
    I2C_ClearFlag                            0x08003843   Thumb Code    12  stm32f10x_i2c.o(.text)
    I2C_GetITStatus                          0x0800384f   Thumb Code    38  stm32f10x_i2c.o(.text)
    I2C_ClearITPendingBit                    0x08003875   Thumb Code    28  stm32f10x_i2c.o(.text)
    ADC_DeInit                               0x08003891   Thumb Code    78  stm32f10x_adc.o(.text)
    ADC_Init                                 0x080038df   Thumb Code    70  stm32f10x_adc.o(.text)
    ADC_StructInit                           0x08003925   Thumb Code    18  stm32f10x_adc.o(.text)
    ADC_Cmd                                  0x08003937   Thumb Code    22  stm32f10x_adc.o(.text)
    ADC_DMACmd                               0x0800394d   Thumb Code    22  stm32f10x_adc.o(.text)
    ADC_ITConfig                             0x08003963   Thumb Code    24  stm32f10x_adc.o(.text)
    ADC_ResetCalibration                     0x0800397b   Thumb Code    10  stm32f10x_adc.o(.text)
    ADC_GetResetCalibrationStatus            0x08003985   Thumb Code    20  stm32f10x_adc.o(.text)
    ADC_StartCalibration                     0x08003999   Thumb Code    10  stm32f10x_adc.o(.text)
    ADC_GetCalibrationStatus                 0x080039a3   Thumb Code    20  stm32f10x_adc.o(.text)
    ADC_SoftwareStartConvCmd                 0x080039b7   Thumb Code    22  stm32f10x_adc.o(.text)
    ADC_GetSoftwareStartConvStatus           0x080039cd   Thumb Code    20  stm32f10x_adc.o(.text)
    ADC_DiscModeChannelCountConfig           0x080039e1   Thumb Code    24  stm32f10x_adc.o(.text)
    ADC_DiscModeCmd                          0x080039f9   Thumb Code    22  stm32f10x_adc.o(.text)
    ADC_RegularChannelConfig                 0x08003a0f   Thumb Code   184  stm32f10x_adc.o(.text)
    ADC_ExternalTrigConvCmd                  0x08003ac7   Thumb Code    22  stm32f10x_adc.o(.text)
    ADC_GetConversionValue                   0x08003add   Thumb Code     8  stm32f10x_adc.o(.text)
    ADC_GetDualModeConversionValue           0x08003ae5   Thumb Code     8  stm32f10x_adc.o(.text)
    ADC_AutoInjectedConvCmd                  0x08003aed   Thumb Code    22  stm32f10x_adc.o(.text)
    ADC_InjectedDiscModeCmd                  0x08003b03   Thumb Code    22  stm32f10x_adc.o(.text)
    ADC_ExternalTrigInjectedConvConfig       0x08003b19   Thumb Code    16  stm32f10x_adc.o(.text)
    ADC_ExternalTrigInjectedConvCmd          0x08003b29   Thumb Code    22  stm32f10x_adc.o(.text)
    ADC_SoftwareStartInjectedConvCmd         0x08003b3f   Thumb Code    22  stm32f10x_adc.o(.text)
    ADC_GetSoftwareStartInjectedConvCmdStatus 0x08003b55   Thumb Code    20  stm32f10x_adc.o(.text)
    ADC_InjectedChannelConfig                0x08003b69   Thumb Code   130  stm32f10x_adc.o(.text)
    ADC_InjectedSequencerLengthConfig        0x08003beb   Thumb Code    24  stm32f10x_adc.o(.text)
    ADC_SetInjectedOffset                    0x08003c03   Thumb Code    12  stm32f10x_adc.o(.text)
    ADC_GetInjectedConversionValue           0x08003c0f   Thumb Code    18  stm32f10x_adc.o(.text)
    ADC_AnalogWatchdogCmd                    0x08003c21   Thumb Code    16  stm32f10x_adc.o(.text)
    ADC_AnalogWatchdogThresholdsConfig       0x08003c31   Thumb Code     6  stm32f10x_adc.o(.text)
    ADC_AnalogWatchdogSingleChannelConfig    0x08003c37   Thumb Code    16  stm32f10x_adc.o(.text)
    ADC_TempSensorVrefintCmd                 0x08003c47   Thumb Code    38  stm32f10x_adc.o(.text)
    ADC_GetFlagStatus                        0x08003c6d   Thumb Code    44  stm32f10x_adc.o(.text)
    ADC_ClearFlag                            0x08003c99   Thumb Code     6  stm32f10x_adc.o(.text)
    ADC_GetITStatus                          0x08003c9f   Thumb Code    36  stm32f10x_adc.o(.text)
    ADC_ClearITPendingBit                    0x08003cc3   Thumb Code    10  stm32f10x_adc.o(.text)
    NVIC_PriorityGroupConfig                 0x08003ccd   Thumb Code    10  misc.o(.text)
    NVIC_Init                                0x08003cd7   Thumb Code   102  misc.o(.text)
    NVIC_SetVectorTable                      0x08003d3d   Thumb Code    14  misc.o(.text)
    NVIC_SystemLPConfig                      0x08003d4b   Thumb Code    34  misc.o(.text)
    SysTick_CLKSourceConfig                  0x08003d6d   Thumb Code    40  misc.o(.text)
    __2sprintf                               0x08003da9   Thumb Code    34  noretval__2sprintf.o(.text)
    __printf                                 0x08003dd1   Thumb Code   106  __printf.o(.text)
    _printf_str                              0x08003e3b   Thumb Code    82  _printf_str.o(.text)
    __use_two_region_memory                  0x08003e8d   Thumb Code     2  heapauxi.o(.text)
    __rt_heap_escrow$2region                 0x08003e8f   Thumb Code     2  heapauxi.o(.text)
    __rt_heap_expand$2region                 0x08003e91   Thumb Code     2  heapauxi.o(.text)
    __read_errno                             0x08003e93   Thumb Code    10  _rserrno.o(.text)
    __set_errno                              0x08003e9d   Thumb Code    12  _rserrno.o(.text)
    _printf_char_common                      0x08003eb3   Thumb Code    32  _printf_char_common.o(.text)
    _sputc                                   0x08003ed9   Thumb Code    10  _sputc.o(.text)
    _printf_cs_common                        0x08003ee3   Thumb Code    20  _printf_char.o(.text)
    _printf_char                             0x08003ef7   Thumb Code    16  _printf_char.o(.text)
    _printf_string                           0x08003f07   Thumb Code     8  _printf_char.o(.text)
    __aeabi_errno_addr                       0x08003f11   Thumb Code     8  rt_errno_addr_intlibspace.o(.text)
    __errno$intlibspace                      0x08003f11   Thumb Code     0  rt_errno_addr_intlibspace.o(.text)
    __rt_errno_addr$intlibspace              0x08003f11   Thumb Code     0  rt_errno_addr_intlibspace.o(.text)
    __user_libspace                          0x08003f19   Thumb Code     8  libspace.o(.text)
    __user_perproc_libspace                  0x08003f19   Thumb Code     0  libspace.o(.text)
    __user_perthread_libspace                0x08003f19   Thumb Code     0  libspace.o(.text)
    __user_setup_stackheap                   0x08003f21   Thumb Code    74  sys_stackheap_outer.o(.text)
    exit                                     0x08003f6b   Thumb Code    12  exit.o(.text)
    __rt_fp_status_addr                      0x08003f79   Thumb Code     8  rt_fp_status_addr_intlibspace.o(.text)
    _sys_exit                                0x08003f81   Thumb Code     8  sys_exit.o(.text)
    __I$use$semihosting                      0x08003f8d   Thumb Code     0  use_no_semi.o(.text)
    __use_no_semihosting_swi                 0x08003f8d   Thumb Code     2  use_no_semi.o(.text)
    __ARM_fpclassify                         0x08003f8f   Thumb Code    40  fpclassify.o(i.__ARM_fpclassify)
    __semihosting_library_function           0x08003f8f   Thumb Code     0  indicate_semi.o(.text)
    __ieee754_rem_pio2                       0x08003fb9   Thumb Code   828  rred.o(i.__ieee754_rem_pio2)
    __kernel_cos                             0x0800433d   Thumb Code   230  cos_i.o(i.__kernel_cos)
    __kernel_poly                            0x08004439   Thumb Code   170  poly.o(i.__kernel_poly)
    __kernel_sin                             0x080044e5   Thumb Code   224  sin_i.o(i.__kernel_sin)
    __mathlib_dbl_underflow                  0x080045d1   Thumb Code    10  dunder.o(i.__mathlib_dbl_underflow)
    atan                                     0x080045e1   Thumb Code   478  atan.o(i.atan)
    atan2                                    0x08004805   Thumb Code   346  atan2.o(i.atan2)
    sin                                      0x08004985   Thumb Code   166  sin.o(i.sin)
    __aeabi_d2f                              0x08004a35   Thumb Code     0  d2f.o(x$fpl$d2f)
    _d2f                                     0x08004a35   Thumb Code    98  d2f.o(x$fpl$d2f)
    __aeabi_dadd                             0x08004a99   Thumb Code     0  daddsub_clz.o(x$fpl$dadd)
    _dadd                                    0x08004a99   Thumb Code   332  daddsub_clz.o(x$fpl$dadd)
    __fpl_dcheck_NaN1                        0x08004be9   Thumb Code    10  dcheck1.o(x$fpl$dcheck1)
    __fpl_dcmp_Inf                           0x08004bf9   Thumb Code    24  dcmpi.o(x$fpl$dcmpinf)
    __aeabi_ddiv                             0x08004c11   Thumb Code     0  ddiv.o(x$fpl$ddiv)
    _ddiv                                    0x08004c11   Thumb Code   552  ddiv.o(x$fpl$ddiv)
    __aeabi_d2iz                             0x08004ec1   Thumb Code     0  dfix.o(x$fpl$dfix)
    _dfix                                    0x08004ec1   Thumb Code    94  dfix.o(x$fpl$dfix)
    __aeabi_d2uiz                            0x08004f21   Thumb Code     0  dfixu.o(x$fpl$dfixu)
    _dfixu                                   0x08004f21   Thumb Code    90  dfixu.o(x$fpl$dfixu)
    __aeabi_i2d                              0x08004f7b   Thumb Code     0  dflt_clz.o(x$fpl$dflt)
    _dflt                                    0x08004f7b   Thumb Code    46  dflt_clz.o(x$fpl$dflt)
    __aeabi_ui2d                             0x08004fa9   Thumb Code     0  dflt_clz.o(x$fpl$dfltu)
    _dfltu                                   0x08004fa9   Thumb Code    38  dflt_clz.o(x$fpl$dfltu)
    __aeabi_cdcmple                          0x08004fd1   Thumb Code     0  dleqf.o(x$fpl$dleqf)
    _dcmple                                  0x08004fd1   Thumb Code   120  dleqf.o(x$fpl$dleqf)
    __fpl_dcmple_InfNaN                      0x08005033   Thumb Code     0  dleqf.o(x$fpl$dleqf)
    __aeabi_dmul                             0x08005049   Thumb Code     0  dmul.o(x$fpl$dmul)
    _dmul                                    0x08005049   Thumb Code   332  dmul.o(x$fpl$dmul)
    __fpl_dnaninf                            0x0800519d   Thumb Code   156  dnaninf.o(x$fpl$dnaninf)
    __fpl_dretinf                            0x08005239   Thumb Code    12  dretinf.o(x$fpl$dretinf)
    __aeabi_cdrcmple                         0x08005245   Thumb Code     0  drleqf.o(x$fpl$drleqf)
    _drcmple                                 0x08005245   Thumb Code   108  drleqf.o(x$fpl$drleqf)
    __aeabi_drsub                            0x080052b1   Thumb Code     0  daddsub_clz.o(x$fpl$drsb)
    _drsb                                    0x080052b1   Thumb Code    22  daddsub_clz.o(x$fpl$drsb)
    __aeabi_dsub                             0x080052c9   Thumb Code     0  daddsub_clz.o(x$fpl$dsub)
    _dsub                                    0x080052c9   Thumb Code   464  daddsub_clz.o(x$fpl$dsub)
    __aeabi_f2d                              0x0800549d   Thumb Code     0  f2d.o(x$fpl$f2d)
    _f2d                                     0x0800549d   Thumb Code    86  f2d.o(x$fpl$f2d)
    __aeabi_fadd                             0x080054f5   Thumb Code     0  faddsub_clz.o(x$fpl$fadd)
    _fadd                                    0x080054f5   Thumb Code   196  faddsub_clz.o(x$fpl$fadd)
    __aeabi_fdiv                             0x080055b9   Thumb Code     0  fdiv.o(x$fpl$fdiv)
    _fdiv                                    0x080055b9   Thumb Code   384  fdiv.o(x$fpl$fdiv)
    __aeabi_i2f                              0x0800573d   Thumb Code     0  fflt_clz.o(x$fpl$fflt)
    _fflt                                    0x0800573d   Thumb Code    48  fflt_clz.o(x$fpl$fflt)
    __aeabi_ui2f                             0x0800576d   Thumb Code     0  fflt_clz.o(x$fpl$ffltu)
    _ffltu                                   0x0800576d   Thumb Code    38  fflt_clz.o(x$fpl$ffltu)
    __aeabi_fmul                             0x08005795   Thumb Code     0  fmul.o(x$fpl$fmul)
    _fmul                                    0x08005795   Thumb Code   258  fmul.o(x$fpl$fmul)
    __fpl_fnaninf                            0x08005897   Thumb Code   140  fnaninf.o(x$fpl$fnaninf)
    _fp_init                                 0x08005923   Thumb Code    14  fpinit.o(x$fpl$fpinit)
    __fplib_config_pureend_doubles           0x0800592f   Thumb Code     0  fpinit.o(x$fpl$fpinit)
    __fpl_fretinf                            0x08005931   Thumb Code    10  fretinf.o(x$fpl$fretinf)
    __aeabi_fsub                             0x0800593d   Thumb Code     0  faddsub_clz.o(x$fpl$fsub)
    _fsub                                    0x0800593d   Thumb Code   234  faddsub_clz.o(x$fpl$fsub)
    __fpl_return_NaN                         0x08005a27   Thumb Code   100  retnan.o(x$fpl$retnan)
    __ARM_scalbn                             0x08005a8b   Thumb Code    92  scalbn.o(x$fpl$scalbn)
    __fpl_cmpreturn                          0x08005ae7   Thumb Code    48  trapv.o(x$fpl$trapveneer)
    __I$use$fp                               0x08005b17   Thumb Code     0  usenofp.o(x$fpl$usenofp)
    __mathlib_zero                           0x08005be0   Data           8  qnan.o(.constdata)
    Region$$Table$$Base                      0x08005cd8   Number         0  anon$$obj.o(Region$$Table)
    Region$$Table$$Limit                     0x08005cf8   Number         0  anon$$obj.o(Region$$Table)
    stop                                     0x20000000   Data           4  main.o(.data)
    dt                                       0x20000004   Data           4  main.o(.data)
    out                                      0x20000008   Data           6  main.o(.data)
    pitch_setpoint                           0x20000010   Data           4  main.o(.data)
    pitch_angle                              0x20000014   Data           4  main.o(.data)
    roll_setpoint                            0x20000018   Data           4  main.o(.data)
    roll_angle                               0x2000001c   Data           4  main.o(.data)
    yaw_setpoint                             0x20000020   Data           4  main.o(.data)
    yaw_angle                                0x20000024   Data           4  main.o(.data)
    configData                               0x20000028   Data           9  main.o(.data)
    sinusas                                  0x20000034   Data         364  main.o(.data)
    GPIO_InitStructure                       0x200001a0   Data           4  main.o(.data)
    USART_ClockInitStructure                 0x200001a4   Data           8  main.o(.data)
    ConfigMode                               0x200001ac   Data           4  main.o(.data)
    w                                        0x200001b0   Data           4  main.o(.data)
    enable_writing                           0x200001b4   Data           4  main.o(.data)
    i                                        0x200001b8   Data           4  main.o(.data)
    YawPh1                                   0x200001bc   Data           4  main.o(.data)
    YawPh2                                   0x200001c0   Data           4  main.o(.data)
    YawPh3                                   0x200001c4   Data           4  main.o(.data)
    EEPROM_REGISTER                          0x200001c8   Data           4  main.o(.data)
    EEPROM_DATA                              0x200001cc   Data           4  main.o(.data)
    EepromData                               0x200001d0   Data           4  main.o(.data)
    UART4_DATA                               0x200001d4   Data           4  main.o(.data)
    roll_amplitude                           0x200001d8   Data           4  main.o(.data)
    pitch_amplitude                          0x200001dc   Data           4  main.o(.data)
    yaw_amplitude                            0x200001e0   Data           4  main.o(.data)
    ADC1Ch1_vid                              0x200001e4   Data           4  main.o(.data)
    sinus                                    0x200001e8   Data           4  main.o(.data)
    cosinus                                  0x200001ec   Data           4  main.o(.data)
    ROLL                                     0x200001f0   Data           4  main.o(.data)
    XMSB                                     0x200001f4   Data           1  main.o(.data)
    XLSB                                     0x200001f5   Data           1  main.o(.data)
    YMSB                                     0x200001f6   Data           1  main.o(.data)
    YLSB                                     0x200001f7   Data           1  main.o(.data)
    ZMSB                                     0x200001f8   Data           1  main.o(.data)
    ZLSB                                     0x200001f9   Data           1  main.o(.data)
    gyroADC_PITCH                            0x200001fa   Data           2  main.o(.data)
    gyroADC_ROLL                             0x200001fc   Data           2  main.o(.data)
    gyroADC_YAW                              0x200001fe   Data           2  main.o(.data)
    accADC_ROLL                              0x20000200   Data           2  main.o(.data)
    accADC_PITCH                             0x20000202   Data           2  main.o(.data)
    accADC_YAW                               0x20000204   Data           2  main.o(.data)
    printcounter                             0x20000206   Data           2  main.o(.data)
    pitch                                    0x20000208   Data           4  main.o(.data)
    Gyro_Pitch_angle                         0x2000020c   Data           4  main.o(.data)
    pitch_output                             0x20000210   Data           4  main.o(.data)
    pitch_Error_current                      0x20000214   Data           4  main.o(.data)
    pitch_Error_last                         0x20000218   Data           4  main.o(.data)
    pitch_P                                  0x2000021c   Data           4  main.o(.data)
    pitch_D                                  0x20000220   Data           4  main.o(.data)
    pitch_Kp                                 0x20000224   Data           4  main.o(.data)
    pitch_Kd                                 0x20000228   Data           4  main.o(.data)
    pitch_angle_true                         0x2000022c   Data           4  main.o(.data)
    pitch_angle_correction                   0x20000230   Data           4  main.o(.data)
    roll                                     0x20000234   Data           4  main.o(.data)
    Gyro_Roll_angle                          0x20000238   Data           4  main.o(.data)
    roll_output                              0x2000023c   Data           4  main.o(.data)
    roll_Error_current                       0x20000240   Data           4  main.o(.data)
    roll_Error_last                          0x20000244   Data           4  main.o(.data)
    roll_P                                   0x20000248   Data           4  main.o(.data)
    roll_D                                   0x2000024c   Data           4  main.o(.data)
    roll_Kp                                  0x20000250   Data           4  main.o(.data)
    roll_Kd                                  0x20000254   Data           4  main.o(.data)
    roll_angle_correction                    0x20000258   Data           4  main.o(.data)
    yaw                                      0x2000025c   Data           4  main.o(.data)
    Gyro_Yaw_angle                           0x20000260   Data           4  main.o(.data)
    yaw_output                               0x20000264   Data           4  main.o(.data)
    yaw_Error_current                        0x20000268   Data           4  main.o(.data)
    yaw_Error_last                           0x2000026c   Data           4  main.o(.data)
    yaw_P                                    0x20000270   Data           4  main.o(.data)
    yaw_D                                    0x20000274   Data           4  main.o(.data)
    yaw_Kp                                   0x20000278   Data           4  main.o(.data)
    yaw_Kd                                   0x2000027c   Data           4  main.o(.data)
    yaw_angle_correction                     0x20000280   Data           4  main.o(.data)
    acc_pitch_angle                          0x20000284   Data           4  main.o(.data)
    acc_roll_angle                           0x20000288   Data           4  main.o(.data)
    accADC_x                                 0x2000028c   Data           4  main.o(.data)
    accADC_y                                 0x20000290   Data           4  main.o(.data)
    accADC_z                                 0x20000294   Data           4  main.o(.data)
    gyroADC_x                                0x20000298   Data           4  main.o(.data)
    gyroADC_y                                0x2000029c   Data           4  main.o(.data)
    gyroADC_z                                0x200002a0   Data           4  main.o(.data)
    fs                                       0x200002a4   Data           4  main.o(.data)
    fssmall                                  0x200002a8   Data           4  main.o(.data)
    acc_pitch_angle_vid                      0x200002ac   Data           4  main.o(.data)
    acc_roll_angle_vid                       0x200002b0   Data           4  main.o(.data)
    ACCread                                  0x200002b4   Data           6  main.o(.data)
    GYROread                                 0x200002ba   Data           6  main.o(.data)
    SystemCoreClock                          0x200002c0   Data           4  system_stm32f10x.o(.data)
    AHBPrescTable                            0x200002c4   Data          16  system_stm32f10x.o(.data)
    TIM_OCInitStructure                      0x200002e8   Data          16  main.o(.bss)
    TIM_TimeBaseStructure                    0x200002f8   Data          10  main.o(.bss)
    TIM_TimeBaseInitStructure                0x20000302   Data          10  main.o(.bss)
    TIM_BDTRInitStructure                    0x2000030c   Data          14  main.o(.bss)
    ADC_InitStructure                        0x2000031c   Data          20  main.o(.bss)
    I2C_InitStructure                        0x20000330   Data          16  main.o(.bss)
    RXString                                 0x20000340   Data          12  main.o(.bss)
    buff                                     0x2000034c   Data          10  main.o(.bss)
    __libspace_start                         0x20000358   Data          96  libspace.o(.bss)
    __temporary_stack_top$libspace           0x200003b8   Data           0  libspace.o(.bss)



==============================================================================

Memory Map of the image

  Image Entry point : 0x08000131

  Load Region LR_IROM1 (Base: 0x08000000, Size: 0x00005fe0, Max: 0x00040000, ABSOLUTE, COMPRESSED[0x00005e7c])

    Execution Region ER_IROM1 (Base: 0x08000000, Size: 0x00005cf8, Max: 0x00040000, ABSOLUTE)

    Base Addr    Size         Type   Attr      Idx    E Section Name        Object

    0x08000000   0x00000130   Data   RO            3    RESET               startup_stm32f10x_hd.o
    0x08000130   0x00000008   Code   RO          362  * !!!main             c_w.l(__main.o)
    0x08000138   0x00000034   Code   RO          655    !!!scatter          c_w.l(__scatter.o)
    0x0800016c   0x0000005a   Code   RO          653    !!dczerorl2         c_w.l(__dczerorl2.o)
    0x080001c6   0x00000002   PAD
    0x080001c8   0x0000001c   Code   RO          657    !!handler_zi        c_w.l(__scatter_zi.o)
    0x080001e4   0x00000000   Code   RO          359    .ARM.Collect$$_printf_percent$$00000000  c_w.l(_printf_percent.o)
    0x080001e4   0x00000006   Code   RO          358    .ARM.Collect$$_printf_percent$$00000013  c_w.l(_printf_c.o)
    0x080001ea   0x00000004   Code   RO          441    .ARM.Collect$$_printf_percent$$00000017  c_w.l(_printf_percent_end.o)
    0x080001ee   0x00000006   Code   RO          522    .ARM.Collect$$libinit$$00000000  c_w.l(libinit.o)
    0x080001f4   0x00000000   Code   RO          529    .ARM.Collect$$libinit$$00000006  c_w.l(libinit2.o)
    0x080001f4   0x00000000   Code   RO          531    .ARM.Collect$$libinit$$00000008  c_w.l(libinit2.o)
    0x080001f4   0x00000000   Code   RO          533    .ARM.Collect$$libinit$$0000000A  c_w.l(libinit2.o)
    0x080001f4   0x00000000   Code   RO          536    .ARM.Collect$$libinit$$0000000D  c_w.l(libinit2.o)
    0x080001f4   0x00000000   Code   RO          538    .ARM.Collect$$libinit$$0000000F  c_w.l(libinit2.o)
    0x080001f4   0x00000000   Code   RO          540    .ARM.Collect$$libinit$$00000011  c_w.l(libinit2.o)
    0x080001f4   0x00000000   Code   RO          542    .ARM.Collect$$libinit$$00000013  c_w.l(libinit2.o)
    0x080001f4   0x00000000   Code   RO          544    .ARM.Collect$$libinit$$00000015  c_w.l(libinit2.o)
    0x080001f4   0x00000000   Code   RO          546    .ARM.Collect$$libinit$$00000017  c_w.l(libinit2.o)
    0x080001f4   0x00000000   Code   RO          548    .ARM.Collect$$libinit$$00000019  c_w.l(libinit2.o)
    0x080001f4   0x00000000   Code   RO          550    .ARM.Collect$$libinit$$0000001B  c_w.l(libinit2.o)
    0x080001f4   0x00000000   Code   RO          552    .ARM.Collect$$libinit$$0000001D  c_w.l(libinit2.o)
    0x080001f4   0x00000000   Code   RO          554    .ARM.Collect$$libinit$$0000001F  c_w.l(libinit2.o)
    0x080001f4   0x00000000   Code   RO          556    .ARM.Collect$$libinit$$00000021  c_w.l(libinit2.o)
    0x080001f4   0x00000000   Code   RO          560    .ARM.Collect$$libinit$$00000028  c_w.l(libinit2.o)
    0x080001f4   0x00000000   Code   RO          562    .ARM.Collect$$libinit$$0000002A  c_w.l(libinit2.o)
    0x080001f4   0x00000000   Code   RO          564    .ARM.Collect$$libinit$$0000002C  c_w.l(libinit2.o)
    0x080001f4   0x00000000   Code   RO          566    .ARM.Collect$$libinit$$0000002E  c_w.l(libinit2.o)
    0x080001f4   0x00000002   Code   RO          567    .ARM.Collect$$libinit$$0000002F  c_w.l(libinit2.o)
    0x080001f6   0x00000002   Code   RO          594    .ARM.Collect$$libshutdown$$00000000  c_w.l(libshutdown.o)
    0x080001f8   0x00000000   Code   RO          608    .ARM.Collect$$libshutdown$$00000003  c_w.l(libshutdown2.o)
    0x080001f8   0x00000000   Code   RO          611    .ARM.Collect$$libshutdown$$00000006  c_w.l(libshutdown2.o)
    0x080001f8   0x00000000   Code   RO          614    .ARM.Collect$$libshutdown$$00000009  c_w.l(libshutdown2.o)
    0x080001f8   0x00000000   Code   RO          616    .ARM.Collect$$libshutdown$$0000000B  c_w.l(libshutdown2.o)
    0x080001f8   0x00000000   Code   RO          619    .ARM.Collect$$libshutdown$$0000000E  c_w.l(libshutdown2.o)
    0x080001f8   0x00000002   Code   RO          620    .ARM.Collect$$libshutdown$$0000000F  c_w.l(libshutdown2.o)
    0x080001fa   0x00000000   Code   RO          432    .ARM.Collect$$rtentry$$00000000  c_w.l(rtentry.o)
    0x080001fa   0x00000000   Code   RO          481    .ARM.Collect$$rtentry$$00000002  c_w.l(rtentry2.o)
    0x080001fa   0x00000006   Code   RO          493    .ARM.Collect$$rtentry$$00000004  c_w.l(rtentry4.o)
    0x08000200   0x00000000   Code   RO          483    .ARM.Collect$$rtentry$$00000009  c_w.l(rtentry2.o)
    0x08000200   0x00000004   Code   RO          484    .ARM.Collect$$rtentry$$0000000A  c_w.l(rtentry2.o)
    0x08000204   0x00000000   Code   RO          486    .ARM.Collect$$rtentry$$0000000C  c_w.l(rtentry2.o)
    0x08000204   0x00000008   Code   RO          487    .ARM.Collect$$rtentry$$0000000D  c_w.l(rtentry2.o)
    0x0800020c   0x00000002   Code   RO          525    .ARM.Collect$$rtexit$$00000000  c_w.l(rtexit.o)
    0x0800020e   0x00000000   Code   RO          573    .ARM.Collect$$rtexit$$00000002  c_w.l(rtexit2.o)
    0x0800020e   0x00000004   Code   RO          574    .ARM.Collect$$rtexit$$00000003  c_w.l(rtexit2.o)
    0x08000212   0x00000006   Code   RO          575    .ARM.Collect$$rtexit$$00000004  c_w.l(rtexit2.o)
    0x08000218   0x00000040   Code   RO            4    .text               startup_stm32f10x_hd.o
    0x08000258   0x000017cc   Code   RO           12    .text               main.o
    0x08001a24   0x000001c8   Code   RO           98    .text               system_stm32f10x.o
    0x08001bec   0x00000358   Code   RO          128    .text               stm32f10x_gpio.o
    0x08001f44   0x0000040c   Code   RO          148    .text               stm32f10x_usart.o
    0x08002350   0x00000dae   Code   RO          168    .text               stm32f10x_tim.o
    0x080030fe   0x00000002   PAD
    0x08003100   0x000003a0   Code   RO          208    .text               stm32f10x_rcc.o
    0x080034a0   0x000003f0   Code   RO          230    .text               stm32f10x_i2c.o
    0x08003890   0x0000043c   Code   RO          270    .text               stm32f10x_adc.o
    0x08003ccc   0x000000dc   Code   RO          310    .text               misc.o
    0x08003da8   0x00000028   Code   RO          332    .text               c_w.l(noretval__2sprintf.o)
    0x08003dd0   0x0000006a   Code   RO          334    .text               c_w.l(__printf.o)
    0x08003e3a   0x00000052   Code   RO          336    .text               c_w.l(_printf_str.o)
    0x08003e8c   0x00000006   Code   RO          360    .text               c_w.l(heapauxi.o)
    0x08003e92   0x00000016   Code   RO          433    .text               c_w.l(_rserrno.o)
    0x08003ea8   0x00000030   Code   RO          435    .text               c_w.l(_printf_char_common.o)
    0x08003ed8   0x0000000a   Code   RO          437    .text               c_w.l(_sputc.o)
    0x08003ee2   0x0000002c   Code   RO          439    .text               c_w.l(_printf_char.o)
    0x08003f0e   0x00000002   PAD
    0x08003f10   0x00000008   Code   RO          498    .text               c_w.l(rt_errno_addr_intlibspace.o)
    0x08003f18   0x00000008   Code   RO          510    .text               c_w.l(libspace.o)
    0x08003f20   0x0000004a   Code   RO          513    .text               c_w.l(sys_stackheap_outer.o)
    0x08003f6a   0x0000000c   Code   RO          515    .text               c_w.l(exit.o)
    0x08003f76   0x00000002   PAD
    0x08003f78   0x00000008   Code   RO          582    .text               c_w.l(rt_fp_status_addr_intlibspace.o)
    0x08003f80   0x0000000c   Code   RO          586    .text               c_w.l(sys_exit.o)
    0x08003f8c   0x00000002   Code   RO          597    .text               c_w.l(use_no_semi.o)
    0x08003f8e   0x00000000   Code   RO          599    .text               c_w.l(indicate_semi.o)
    0x08003f8e   0x00000028   Code   RO          506    i.__ARM_fpclassify  m_ws.l(fpclassify.o)
    0x08003fb6   0x00000002   PAD
    0x08003fb8   0x00000384   Code   RO          469    i.__ieee754_rem_pio2  m_ws.l(rred.o)
    0x0800433c   0x000000fc   Code   RO          465    i.__kernel_cos      m_ws.l(cos_i.o)
    0x08004438   0x000000aa   Code   RO          508    i.__kernel_poly     m_ws.l(poly.o)
    0x080044e2   0x00000002   PAD
    0x080044e4   0x000000ec   Code   RO          474    i.__kernel_sin      m_ws.l(sin_i.o)
    0x080045d0   0x00000010   Code   RO          504    i.__mathlib_dbl_underflow  m_ws.l(dunder.o)
    0x080045e0   0x00000224   Code   RO          456    i.atan              m_ws.l(atan.o)
    0x08004804   0x00000180   Code   RO          417    i.atan2             m_ws.l(atan2.o)
    0x08004984   0x000000b0   Code   RO          425    i.sin               m_ws.l(sin.o)
    0x08004a34   0x00000062   Code   RO          364    x$fpl$d2f           fz_ws.l(d2f.o)
    0x08004a96   0x00000002   PAD
    0x08004a98   0x00000150   Code   RO          366    x$fpl$dadd          fz_ws.l(daddsub_clz.o)
    0x08004be8   0x00000010   Code   RO          502    x$fpl$dcheck1       fz_ws.l(dcheck1.o)
    0x08004bf8   0x00000018   Code   RO          442    x$fpl$dcmpinf       fz_ws.l(dcmpi.o)
    0x08004c10   0x000002b0   Code   RO          373    x$fpl$ddiv          fz_ws.l(ddiv.o)
    0x08004ec0   0x0000005e   Code   RO          376    x$fpl$dfix          fz_ws.l(dfix.o)
    0x08004f1e   0x00000002   PAD
    0x08004f20   0x0000005a   Code   RO          380    x$fpl$dfixu         fz_ws.l(dfixu.o)
    0x08004f7a   0x0000002e   Code   RO          385    x$fpl$dflt          fz_ws.l(dflt_clz.o)
    0x08004fa8   0x00000026   Code   RO          384    x$fpl$dfltu         fz_ws.l(dflt_clz.o)
    0x08004fce   0x00000002   PAD
    0x08004fd0   0x00000078   Code   RO          390    x$fpl$dleqf         fz_ws.l(dleqf.o)
    0x08005048   0x00000154   Code   RO          392    x$fpl$dmul          fz_ws.l(dmul.o)
    0x0800519c   0x0000009c   Code   RO          444    x$fpl$dnaninf       fz_ws.l(dnaninf.o)
    0x08005238   0x0000000c   Code   RO          446    x$fpl$dretinf       fz_ws.l(dretinf.o)
    0x08005244   0x0000006c   Code   RO          394    x$fpl$drleqf        fz_ws.l(drleqf.o)
    0x080052b0   0x00000016   Code   RO          367    x$fpl$drsb          fz_ws.l(daddsub_clz.o)
    0x080052c6   0x00000002   PAD
    0x080052c8   0x000001d4   Code   RO          368    x$fpl$dsub          fz_ws.l(daddsub_clz.o)
    0x0800549c   0x00000056   Code   RO          396    x$fpl$f2d           fz_ws.l(f2d.o)
    0x080054f2   0x00000002   PAD
    0x080054f4   0x000000c4   Code   RO          398    x$fpl$fadd          fz_ws.l(faddsub_clz.o)
    0x080055b8   0x00000184   Code   RO          405    x$fpl$fdiv          fz_ws.l(fdiv.o)
    0x0800573c   0x00000030   Code   RO          409    x$fpl$fflt          fz_ws.l(fflt_clz.o)
    0x0800576c   0x00000026   Code   RO          408    x$fpl$ffltu         fz_ws.l(fflt_clz.o)
    0x08005792   0x00000002   PAD
    0x08005794   0x00000102   Code   RO          414    x$fpl$fmul          fz_ws.l(fmul.o)
    0x08005896   0x0000008c   Code   RO          448    x$fpl$fnaninf       fz_ws.l(fnaninf.o)
    0x08005922   0x0000000e   Code   RO          568    x$fpl$fpinit        fz_ws.l(fpinit.o)
    0x08005930   0x0000000a   Code   RO          450    x$fpl$fretinf       fz_ws.l(fretinf.o)
    0x0800593a   0x00000002   PAD
    0x0800593c   0x000000ea   Code   RO          400    x$fpl$fsub          fz_ws.l(faddsub_clz.o)
    0x08005a26   0x00000064   Code   RO          523    x$fpl$retnan        fz_ws.l(retnan.o)
    0x08005a8a   0x0000005c   Code   RO          452    x$fpl$scalbn        fz_ws.l(scalbn.o)
    0x08005ae6   0x00000030   Code   RO          570    x$fpl$trapveneer    fz_ws.l(trapv.o)
    0x08005b16   0x00000000   Code   RO          454    x$fpl$usenofp       fz_ws.l(usenofp.o)
    0x08005b16   0x00000002   PAD
    0x08005b18   0x00000098   Data   RO          457    .constdata          m_ws.l(atan.o)
    0x08005bb0   0x00000030   Data   RO          466    .constdata          m_ws.l(cos_i.o)
    0x08005be0   0x00000008   Data   RO          468    .constdata          m_ws.l(qnan.o)
    0x08005be8   0x000000c8   Data   RO          471    .constdata          m_ws.l(rred.o)
    0x08005cb0   0x00000028   Data   RO          475    .constdata          m_ws.l(sin_i.o)
    0x08005cd8   0x00000020   Data   RO          651    Region$$Table       anon$$obj.o


    Execution Region RW_IRAM1 (Base: 0x20000000, Size: 0x000009b8, Max: 0x0000c000, ABSOLUTE, COMPRESSED[0x00000184])

    Base Addr    Size         Type   Attr      Idx    E Section Name        Object

    0x20000000   0x000002c0   Data   RW           14    .data               main.o
    0x200002c0   0x00000014   Data   RW           99    .data               system_stm32f10x.o
    0x200002d4   0x00000014   Data   RW          209    .data               stm32f10x_rcc.o
    0x200002e8   0x0000006e   Zero   RW           13    .bss                main.o
    0x20000356   0x00000002   PAD
    0x20000358   0x00000060   Zero   RW          511    .bss                c_w.l(libspace.o)
    0x200003b8   0x00000200   Zero   RW            2    HEAP                startup_stm32f10x_hd.o
    0x200005b8   0x00000400   Zero   RW            1    STACK               startup_stm32f10x_hd.o


==============================================================================

Image component sizes


      Code (inc. data)   RO Data    RW Data    ZI Data      Debug   Object Name

      6092        674          0        704        110     302010   main.o
       220         20          0          0          0       1553   misc.o
        64         26        304          0       1536        744   startup_stm32f10x_hd.o
      1084         26          0          0          0      10777   stm32f10x_adc.o
       856         40          0          0          0       5489   stm32f10x_gpio.o
      1008         16          0          0          0       8971   stm32f10x_i2c.o
       928         44          0         20          0       8568   stm32f10x_rcc.o
      3502         86          0          0          0      22656   stm32f10x_tim.o
      1036         20          0          0          0       8236   stm32f10x_usart.o
       456         36          0         20          0       1547   system_stm32f10x.o

    ----------------------------------------------------------------------
     15248        988        336        744       1648     370551   Object Totals
         0          0         32          0          0          0   (incl. Generated)
         2          0          0          0          2          0   (incl. Padding)

    ----------------------------------------------------------------------

      Code (inc. data)   RO Data    RW Data    ZI Data      Debug   Library Member Name

        90          0          0          0          0          0   __dczerorl2.o
         8          0          0          0          0         68   __main.o
       106          0          0          0          0         84   __printf.o
        52          8          0          0          0          0   __scatter.o
        28          0          0          0          0          0   __scatter_zi.o
         6          0          0          0          0          0   _printf_c.o
        44          0          0          0          0        108   _printf_char.o
        48          6          0          0          0         96   _printf_char_common.o
         0          0          0          0          0          0   _printf_percent.o
         4          0          0          0          0          0   _printf_percent_end.o
        82          0          0          0          0         80   _printf_str.o
        22          0          0          0          0        100   _rserrno.o
        10          0          0          0          0         68   _sputc.o
        12          0          0          0          0         72   exit.o
         6          0          0          0          0        152   heapauxi.o
         0          0          0          0          0          0   indicate_semi.o
         6          0          0          0          0          0   libinit.o
         2          0          0          0          0          0   libinit2.o
         2          0          0          0          0          0   libshutdown.o
         2          0          0          0          0          0   libshutdown2.o
         8          4          0          0         96         68   libspace.o
        40          6          0          0          0         84   noretval__2sprintf.o
         8          4          0          0          0         68   rt_errno_addr_intlibspace.o
         8          4          0          0          0         68   rt_fp_status_addr_intlibspace.o
         0          0          0          0          0          0   rtentry.o
        12          0          0          0          0          0   rtentry2.o
         6          0          0          0          0          0   rtentry4.o
         2          0          0          0          0          0   rtexit.o
        10          0          0          0          0          0   rtexit2.o
        12          4          0          0          0         68   sys_exit.o
        74          0          0          0          0         80   sys_stackheap_outer.o
         2          0          0          0          0         68   use_no_semi.o
        98          4          0          0          0         92   d2f.o
       826         16          0          0          0        356   daddsub_clz.o
        16          4          0          0          0         68   dcheck1.o
        24          0          0          0          0         68   dcmpi.o
       688        140          0          0          0        212   ddiv.o
        94          4          0          0          0         92   dfix.o
        90          4          0          0          0         92   dfixu.o
        84          0          0          0          0        136   dflt_clz.o
       120          4          0          0          0         92   dleqf.o
       340         12          0          0          0        104   dmul.o
       156          4          0          0          0         92   dnaninf.o
        12          0          0          0          0         68   dretinf.o
       108          0          0          0          0         80   drleqf.o
        86          4          0          0          0         84   f2d.o
       430          8          0          0          0        168   faddsub_clz.o
       388         76          0          0          0         96   fdiv.o
        86          0          0          0          0        136   fflt_clz.o
       258          4          0          0          0         84   fmul.o
       140          4          0          0          0         84   fnaninf.o
        14          0          0          0          0         76   fpinit.o
        10          0          0          0          0         68   fretinf.o
       100          0          0          0          0         68   retnan.o
        92          0          0          0          0         68   scalbn.o
        48          0          0          0          0         68   trapv.o
         0          0          0          0          0          0   usenofp.o
       548         70        152          0          0        128   atan.o
       384         38          0          0          0        144   atan2.o
       252         22         48          0          0        128   cos_i.o
        16          6          0          0          0         68   dunder.o
        40          0          0          0          0         68   fpclassify.o
       170          0          0          0          0         96   poly.o
         0          0          8          0          0          0   qnan.o
       900         72        200          0          0        140   rred.o
       176         10          0          0          0        120   sin.o
       236         12         40          0          0        132   sin_i.o

    ----------------------------------------------------------------------
      7768        554        448          0         96       4908   Library Totals
        26          0          0          0          0          0   (incl. Padding)

    ----------------------------------------------------------------------

      Code (inc. data)   RO Data    RW Data    ZI Data      Debug   Library Name

       712         36          0          0         96       1332   c_w.l
      4308        288          0          0          0       2552   fz_ws.l
      2722        230        448          0          0       1024   m_ws.l

    ----------------------------------------------------------------------
      7768        554        448          0         96       4908   Library Totals

    ----------------------------------------------------------------------

==============================================================================


      Code (inc. data)   RO Data    RW Data    ZI Data      Debug   

     23016       1542        784        744       1744     371507   Grand Totals
     23016       1542        784        388       1744     371507   ELF Image Totals (compressed)
     23016       1542        784        388          0          0   ROM Totals

==============================================================================

    Total RO  Size (Code + RO Data)                23800 (  23.24kB)
    Total RW  Size (RW Data + ZI Data)              2488 (   2.43kB)
    Total ROM Size (Code + RO Data + RW Data)      24188 (  23.62kB)

==============================================================================

